Archive Project report for master_example
Fri Nov  7 12:06:23 2014
Quartus II 32-bit Version 13.0.1 Build 232 06/12/2013 Service Pack 1 SJ Full Version


---------------------
; Table of Contents ;
---------------------
  1. Legal Notice
  2. Archive Project Summary
  3. Archive Project Messages
  4. Files Archived



----------------
; Legal Notice ;
----------------
Copyright (C) 1991-2013 Altera Corporation
Your use of Altera Corporation's design tools, logic functions 
and other software and tools, and its AMPP partner logic 
functions, and any output files from any of the foregoing 
(including device programming or simulation files), and any 
associated documentation or information are expressly subject 
to the terms and conditions of the Altera Program License 
Subscription Agreement, Altera MegaCore Function License 
Agreement, or other applicable license agreement, including, 
without limitation, that your use is for the sole purpose of 
programming logic devices manufactured by Altera and sold by 
Altera or its authorized distributors.  Please refer to the 
applicable agreement for further details.



+----------------------------------------------------------------+
; Archive Project Summary                                        ;
+------------------------+---------------------------------------+
; Archive Project Status ; Successful - Fri Nov  7 12:06:23 2014 ;
; Revision Name          ; master_example                        ;
; Top-level Entity Name  ; master_example                        ;
; Family                 ; Cyclone IV GX                         ;
+------------------------+---------------------------------------+


+--------------------------+
; Archive Project Messages ;
+--------------------------+
Info: File Set 'Source control' contains:
    Info: Project source and settings files
    Info: Automatically detected source files
Info: ----------------------------------------------------------
Info: ----------------------------------------------------------
Info: Generated archive '/home/ecegrid/a/mg287/Desktop/working_ver.qar'
Info: ----------------------------------------------------------
Info: ----------------------------------------------------------
Info: Generated report 'master_example.archive.rpt'
Info (23030): Evaluation of Tcl script /package/eda/altera/altera13.0sp1/quartus/common/tcl/apps/qpm/qar.tcl was successful
Info: Quartus II 32-bit Shell was successful. 0 errors, 0 warnings
    Info: Peak virtual memory: 283 megabytes
    Info: Processing ended: Fri Nov  7 12:06:23 2014
    Info: Elapsed time: 00:00:04
    Info: Total CPU time (on all processors): 00:00:02


+---------------------------------------------------------------------------+
; Files Archived                                                            ;
+---------------------------------------------------------------------------+
; File Name                                                                 ;
+---------------------------------------------------------------------------+
; incremental_db/compiled_partitions/master_example.db_info                 ;
; master_example.qpf                                                        ;
; master_example.qsf                                                        ;
; master_example.sdc                                                        ;
; master_example.sv                                                         ;
; master_example_assignment_defaults.qdf                                    ;
; new_component_hw.tcl                                                      ;
; onchip_ver_qsys/synthesis/../../onchip_ver_qsys.cmp                       ;
; onchip_ver_qsys/synthesis/../../onchip_ver_qsys.qsys                      ;
; onchip_ver_qsys/synthesis/../../onchip_ver_qsys.sopcinfo                  ;
; onchip_ver_qsys/synthesis/onchip_ver_qsys.qip                             ;
; onchip_ver_qsys/synthesis/onchip_ver_qsys.v                               ;
; onchip_ver_qsys/synthesis/submodules/altera_merlin_master_translator.sv   ;
; onchip_ver_qsys/synthesis/submodules/altera_merlin_slave_translator.sv    ;
; onchip_ver_qsys/synthesis/submodules/altera_reset_controller.sdc          ;
; onchip_ver_qsys/synthesis/submodules/altera_reset_controller.v            ;
; onchip_ver_qsys/synthesis/submodules/altera_reset_synchronizer.v          ;
; onchip_ver_qsys/synthesis/submodules/burst_read_master.v                  ;
; onchip_ver_qsys/synthesis/submodules/burst_write_master.v                 ;
; onchip_ver_qsys/synthesis/submodules/custom_master.v                      ;
; onchip_ver_qsys/synthesis/submodules/latency_aware_read_master.v          ;
; onchip_ver_qsys/synthesis/submodules/onchip_ver_qsys_onchip_memory2_0.hex ;
; onchip_ver_qsys/synthesis/submodules/onchip_ver_qsys_onchip_memory2_0.v   ;
; onchip_ver_qsys/synthesis/submodules/write_master.v                       ;
; SEG_HEX.v                                                                 ;
; user_logic.sv                                                             ;
+---------------------------------------------------------------------------+


