Analysis & Synthesis report for master_example
Tue Apr 21 13:39:08 2015
Quartus II 32-bit Version 13.0.1 Build 232 06/12/2013 Service Pack 1 SJ Full Version


---------------------
; Table of Contents ;
---------------------
  1. Legal Notice
  2. Analysis & Synthesis Summary
  3. Analysis & Synthesis Settings
  4. Parallel Compilation
  5. Analysis & Synthesis Source Files Read
  6. Analysis & Synthesis IP Cores Summary
  7. Partition Status Summary
  8. Partition for Top-Level Resource Utilization by Entity
  9. Source assignments for amm_master_qsys_custom_with_bfm:u0|altera_reset_controller:rst_controller|altera_reset_synchronizer:alt_rst_sync_uq1
 10. Parameter Settings for User Entity Instance: amm_master_qsys_custom_with_bfm:u0|altera_avalon_mm_master_bfm:mm_master_bfm_0
 11. Parameter Settings for User Entity Instance: amm_master_qsys_custom_with_bfm:u0|altera_avalon_mm_slave_bfm:mm_slave_bfm_0
 12. Parameter Settings for User Entity Instance: amm_master_qsys_custom_with_bfm:u0|custom_master_slave:custom_module_0
 13. Parameter Settings for User Entity Instance: amm_master_qsys_custom_with_bfm:u0|altera_merlin_master_translator:mm_master_bfm_0_m0_translator
 14. Parameter Settings for User Entity Instance: amm_master_qsys_custom_with_bfm:u0|altera_merlin_slave_translator:custom_module_0_avalon_slave_translator
 15. Parameter Settings for User Entity Instance: amm_master_qsys_custom_with_bfm:u0|altera_merlin_master_translator:custom_module_0_avalon_master_translator
 16. Parameter Settings for User Entity Instance: amm_master_qsys_custom_with_bfm:u0|altera_merlin_slave_translator:mm_slave_bfm_0_s0_translator
 17. Parameter Settings for User Entity Instance: amm_master_qsys_custom_with_bfm:u0|altera_reset_controller:rst_controller
 18. Parameter Settings for User Entity Instance: amm_master_qsys_custom_with_bfm:u0|altera_reset_controller:rst_controller|altera_reset_synchronizer:alt_rst_sync_uq1
 19. Partition Dependent Files
 20. Port Connectivity Checks: "amm_master_qsys_custom_with_bfm:u0|altera_reset_controller:rst_controller"
 21. Port Connectivity Checks: "amm_master_qsys_custom_with_bfm:u0|altera_merlin_slave_translator:mm_slave_bfm_0_s0_translator"
 22. Port Connectivity Checks: "amm_master_qsys_custom_with_bfm:u0|altera_merlin_master_translator:custom_module_0_avalon_master_translator"
 23. Port Connectivity Checks: "amm_master_qsys_custom_with_bfm:u0|altera_merlin_slave_translator:custom_module_0_avalon_slave_translator"
 24. Port Connectivity Checks: "amm_master_qsys_custom_with_bfm:u0|altera_merlin_master_translator:mm_master_bfm_0_m0_translator"
 25. Port Connectivity Checks: "amm_master_qsys_custom_with_bfm:u0|custom_master_slave:custom_module_0"
 26. Port Connectivity Checks: "amm_master_qsys_custom_with_bfm:u0|altera_avalon_mm_slave_bfm:mm_slave_bfm_0"
 27. Port Connectivity Checks: "amm_master_qsys_custom_with_bfm:u0|altera_avalon_mm_master_bfm:mm_master_bfm_0"
 28. Port Connectivity Checks: "amm_master_qsys_custom_with_bfm:u0"
 29. Analysis & Synthesis Messages



----------------
; Legal Notice ;
----------------
Copyright (C) 1991-2013 Altera Corporation
Your use of Altera Corporation's design tools, logic functions 
and other software and tools, and its AMPP partner logic 
functions, and any output files from any of the foregoing 
(including device programming or simulation files), and any 
associated documentation or information are expressly subject 
to the terms and conditions of the Altera Program License 
Subscription Agreement, Altera MegaCore Function License 
Agreement, or other applicable license agreement, including, 
without limitation, that your use is for the sole purpose of 
programming logic devices manufactured by Altera and sold by 
Altera or its authorized distributors.  Please refer to the 
applicable agreement for further details.



+---------------------------------------------------------------------------------------+
; Analysis & Synthesis Summary                                                          ;
+------------------------------------+--------------------------------------------------+
; Analysis & Synthesis Status        ; Successful - Tue Apr 21 13:39:08 2015            ;
; Quartus II 32-bit Version          ; 13.0.1 Build 232 06/12/2013 SP 1 SJ Full Version ;
; Revision Name                      ; master_example                                   ;
; Top-level Entity Name              ; master_example_test                              ;
; Family                             ; Cyclone IV GX                                    ;
; Total logic elements               ; N/A until Partition Merge                        ;
;     Total combinational functions  ; N/A until Partition Merge                        ;
;     Dedicated logic registers      ; N/A until Partition Merge                        ;
; Total registers                    ; N/A until Partition Merge                        ;
; Total pins                         ; N/A until Partition Merge                        ;
; Total virtual pins                 ; N/A until Partition Merge                        ;
; Total memory bits                  ; N/A until Partition Merge                        ;
; Embedded Multiplier 9-bit elements ; N/A until Partition Merge                        ;
; Total GXB Receiver Channel PCS     ; N/A until Partition Merge                        ;
; Total GXB Receiver Channel PMA     ; N/A until Partition Merge                        ;
; Total GXB Transmitter Channel PCS  ; N/A until Partition Merge                        ;
; Total GXB Transmitter Channel PMA  ; N/A until Partition Merge                        ;
; Total PLLs                         ; N/A until Partition Merge                        ;
+------------------------------------+--------------------------------------------------+


+-----------------------------------------------------------------------------------------------------------------------+
; Analysis & Synthesis Settings                                                                                         ;
+----------------------------------------------------------------------------+---------------------+--------------------+
; Option                                                                     ; Setting             ; Default Value      ;
+----------------------------------------------------------------------------+---------------------+--------------------+
; Device                                                                     ; EP4CGX150DF31C7     ;                    ;
; Top-level entity name                                                      ; master_example_test ; master_example     ;
; Family name                                                                ; Cyclone IV GX       ; Cyclone IV GX      ;
; Use smart compilation                                                      ; On                  ; Off                ;
; Maximum processors allowed for parallel compilation                        ; All                 ;                    ;
; Enable parallel Assembler and TimeQuest Timing Analyzer during compilation ; On                  ; On                 ;
; Enable compact report table                                                ; Off                 ; Off                ;
; Restructure Multiplexers                                                   ; Auto                ; Auto               ;
; Create Debugging Nodes for IP Cores                                        ; Off                 ; Off                ;
; Preserve fewer node names                                                  ; On                  ; On                 ;
; Disable OpenCore Plus hardware evaluation                                  ; Off                 ; Off                ;
; Verilog Version                                                            ; Verilog_2001        ; Verilog_2001       ;
; VHDL Version                                                               ; VHDL_1993           ; VHDL_1993          ;
; State Machine Processing                                                   ; Auto                ; Auto               ;
; Safe State Machine                                                         ; Off                 ; Off                ;
; Extract Verilog State Machines                                             ; On                  ; On                 ;
; Extract VHDL State Machines                                                ; On                  ; On                 ;
; Ignore Verilog initial constructs                                          ; Off                 ; Off                ;
; Iteration limit for constant Verilog loops                                 ; 5000                ; 5000               ;
; Iteration limit for non-constant Verilog loops                             ; 250                 ; 250                ;
; Add Pass-Through Logic to Inferred RAMs                                    ; On                  ; On                 ;
; Infer RAMs from Raw Logic                                                  ; On                  ; On                 ;
; Parallel Synthesis                                                         ; On                  ; On                 ;
; DSP Block Balancing                                                        ; Auto                ; Auto               ;
; NOT Gate Push-Back                                                         ; On                  ; On                 ;
; Power-Up Don't Care                                                        ; On                  ; On                 ;
; Remove Redundant Logic Cells                                               ; Off                 ; Off                ;
; Remove Duplicate Registers                                                 ; On                  ; On                 ;
; Ignore CARRY Buffers                                                       ; Off                 ; Off                ;
; Ignore CASCADE Buffers                                                     ; Off                 ; Off                ;
; Ignore GLOBAL Buffers                                                      ; Off                 ; Off                ;
; Ignore ROW GLOBAL Buffers                                                  ; Off                 ; Off                ;
; Ignore LCELL Buffers                                                       ; Off                 ; Off                ;
; Ignore SOFT Buffers                                                        ; On                  ; On                 ;
; Limit AHDL Integers to 32 Bits                                             ; Off                 ; Off                ;
; Optimization Technique                                                     ; Balanced            ; Balanced           ;
; Carry Chain Length                                                         ; 70                  ; 70                 ;
; Auto Carry Chains                                                          ; On                  ; On                 ;
; Auto Open-Drain Pins                                                       ; On                  ; On                 ;
; Perform WYSIWYG Primitive Resynthesis                                      ; Off                 ; Off                ;
; Auto ROM Replacement                                                       ; On                  ; On                 ;
; Auto RAM Replacement                                                       ; On                  ; On                 ;
; Auto DSP Block Replacement                                                 ; On                  ; On                 ;
; Auto Shift Register Replacement                                            ; Auto                ; Auto               ;
; Allow Shift Register Merging across Hierarchies                            ; Auto                ; Auto               ;
; Auto Clock Enable Replacement                                              ; On                  ; On                 ;
; Strict RAM Replacement                                                     ; Off                 ; Off                ;
; Allow Synchronous Control Signals                                          ; On                  ; On                 ;
; Force Use of Synchronous Clear Signals                                     ; Off                 ; Off                ;
; Auto RAM Block Balancing                                                   ; On                  ; On                 ;
; Auto RAM to Logic Cell Conversion                                          ; Off                 ; Off                ;
; Auto Resource Sharing                                                      ; Off                 ; Off                ;
; Allow Any RAM Size For Recognition                                         ; Off                 ; Off                ;
; Allow Any ROM Size For Recognition                                         ; Off                 ; Off                ;
; Allow Any Shift Register Size For Recognition                              ; Off                 ; Off                ;
; Use LogicLock Constraints during Resource Balancing                        ; On                  ; On                 ;
; Ignore translate_off and synthesis_off directives                          ; Off                 ; Off                ;
; Timing-Driven Synthesis                                                    ; On                  ; On                 ;
; Report Parameter Settings                                                  ; On                  ; On                 ;
; Report Source Assignments                                                  ; On                  ; On                 ;
; Report Connectivity Checks                                                 ; On                  ; On                 ;
; Ignore Maximum Fan-Out Assignments                                         ; Off                 ; Off                ;
; Synchronization Register Chain Length                                      ; 2                   ; 2                  ;
; PowerPlay Power Optimization                                               ; Normal compilation  ; Normal compilation ;
; HDL message level                                                          ; Level2              ; Level2             ;
; Suppress Register Optimization Related Messages                            ; Off                 ; Off                ;
; Number of Removed Registers Reported in Synthesis Report                   ; 5000                ; 5000               ;
; Number of Swept Nodes Reported in Synthesis Report                         ; 5000                ; 5000               ;
; Number of Inverted Registers Reported in Synthesis Report                  ; 100                 ; 100                ;
; Clock MUX Protection                                                       ; On                  ; On                 ;
; Auto Gated Clock Conversion                                                ; Off                 ; Off                ;
; Block Design Naming                                                        ; Auto                ; Auto               ;
; SDC constraint protection                                                  ; Off                 ; Off                ;
; Synthesis Effort                                                           ; Auto                ; Auto               ;
; Shift Register Replacement - Allow Asynchronous Clear Signal               ; On                  ; On                 ;
; Pre-Mapping Resynthesis Optimization                                       ; Off                 ; Off                ;
; Analysis & Synthesis Message Level                                         ; Medium              ; Medium             ;
; Disable Register Merging Across Hierarchies                                ; Auto                ; Auto               ;
; Resource Aware Inference For Block RAM                                     ; On                  ; On                 ;
; Synthesis Seed                                                             ; 1                   ; 1                  ;
+----------------------------------------------------------------------------+---------------------+--------------------+


+------------------------------------------+
; Parallel Compilation                     ;
+----------------------------+-------------+
; Processors                 ; Number      ;
+----------------------------+-------------+
; Number detected on machine ; 8           ;
; Maximum allowed            ; 8           ;
;                            ;             ;
; Average used               ; 1.00        ;
; Maximum used               ; 1           ;
;                            ;             ;
; Usage by Processor         ; % Time Used ;
;     Processor 1            ; 100.0%      ;
;     Processors 2-8         ;   0.0%      ;
+----------------------------+-------------+


+-----------------------------------------------------------------------------------------------------------------------------------------------------------------------------------------------------------------------------------------------------------------------------------------------------------------------------------------------+
; Analysis & Synthesis Source Files Read                                                                                                                                                                                                                                                                                                        ;
+-----------------------------------------------------------------------------------------+-----------------+------------------------------+------------------------------------------------------------------------------------------------------------------------------------------------------------------+---------------------------------+
; File Name with User-Entered Path                                                        ; Used in Netlist ; File Type                    ; File Name with Absolute Path                                                                                                                                     ; Library                         ;
+-----------------------------------------------------------------------------------------+-----------------+------------------------------+------------------------------------------------------------------------------------------------------------------------------------------------------------------+---------------------------------+
; amm_master_qsys_custom_with_bfm/synthesis/amm_master_qsys_custom_with_bfm.v             ; yes             ; User Verilog HDL File        ; /home/ecegrid/a/mg288/Desktop/de2i_150/amm_master_example/demo_using_bfm/amm_master_qsys_custom_with_bfm/synthesis/amm_master_qsys_custom_with_bfm.v             ; amm_master_qsys_custom_with_bfm ;
; amm_master_qsys_custom_with_bfm/synthesis/submodules/altera_reset_controller.v          ; yes             ; User Verilog HDL File        ; /home/ecegrid/a/mg288/Desktop/de2i_150/amm_master_example/demo_using_bfm/amm_master_qsys_custom_with_bfm/synthesis/submodules/altera_reset_controller.v          ; amm_master_qsys_custom_with_bfm ;
; amm_master_qsys_custom_with_bfm/synthesis/submodules/altera_reset_synchronizer.v        ; yes             ; User Verilog HDL File        ; /home/ecegrid/a/mg288/Desktop/de2i_150/amm_master_example/demo_using_bfm/amm_master_qsys_custom_with_bfm/synthesis/submodules/altera_reset_synchronizer.v        ; amm_master_qsys_custom_with_bfm ;
; amm_master_qsys_custom_with_bfm/synthesis/submodules/altera_merlin_slave_translator.sv  ; yes             ; User SystemVerilog HDL File  ; /home/ecegrid/a/mg288/Desktop/de2i_150/amm_master_example/demo_using_bfm/amm_master_qsys_custom_with_bfm/synthesis/submodules/altera_merlin_slave_translator.sv  ; amm_master_qsys_custom_with_bfm ;
; amm_master_qsys_custom_with_bfm/synthesis/submodules/altera_merlin_master_translator.sv ; yes             ; User SystemVerilog HDL File  ; /home/ecegrid/a/mg288/Desktop/de2i_150/amm_master_example/demo_using_bfm/amm_master_qsys_custom_with_bfm/synthesis/submodules/altera_merlin_master_translator.sv ; amm_master_qsys_custom_with_bfm ;
; amm_master_qsys_custom_with_bfm/synthesis/submodules/custom_master_slave.sv             ; yes             ; User SystemVerilog HDL File  ; /home/ecegrid/a/mg288/Desktop/de2i_150/amm_master_example/demo_using_bfm/amm_master_qsys_custom_with_bfm/synthesis/submodules/custom_master_slave.sv             ; amm_master_qsys_custom_with_bfm ;
; amm_master_qsys_custom_with_bfm/synthesis/submodules/altera_avalon_mm_slave_bfm.sv      ; yes             ; User SystemVerilog HDL File  ; /home/ecegrid/a/mg288/Desktop/de2i_150/amm_master_example/demo_using_bfm/amm_master_qsys_custom_with_bfm/synthesis/submodules/altera_avalon_mm_slave_bfm.sv      ; amm_master_qsys_custom_with_bfm ;
; amm_master_qsys_custom_with_bfm/synthesis/submodules/altera_avalon_mm_master_bfm.sv     ; yes             ; User SystemVerilog HDL File  ; /home/ecegrid/a/mg288/Desktop/de2i_150/amm_master_example/demo_using_bfm/amm_master_qsys_custom_with_bfm/synthesis/submodules/altera_avalon_mm_master_bfm.sv     ; amm_master_qsys_custom_with_bfm ;
; master_example_test.sv                                                                  ; yes             ; User SystemVerilog HDL File  ; /home/ecegrid/a/mg288/Desktop/de2i_150/amm_master_example/demo_using_bfm/master_example_test.sv                                                                  ;                                 ;
+-----------------------------------------------------------------------------------------+-----------------+------------------------------+------------------------------------------------------------------------------------------------------------------------------------------------------------------+---------------------------------+


+---------------------------------------------------------------------------------------------------------------------------------------------------------------------------------------------------------------------------------------------------------------------------------------------------------------------+
; Analysis & Synthesis IP Cores Summary                                                                                                                                                                                                                                                                               ;
+--------+---------------------------------+---------+--------------+--------------+-------------------------------------------------------------------------------------------------------------------------------------------+--------------------------------------------------------------------------------------+
; Vendor ; IP Core Name                    ; Version ; Release Date ; License Type ; Entity Instance                                                                                                                           ; IP Include File                                                                      ;
+--------+---------------------------------+---------+--------------+--------------+-------------------------------------------------------------------------------------------------------------------------------------------+--------------------------------------------------------------------------------------+
; Altera ; Qsys                            ; 13.0sp1 ; N/A          ; N/A          ; |master_example_test|amm_master_qsys_custom_with_bfm:u0                                                                                   ; amm_master_qsys_custom_with_bfm/synthesis/../../amm_master_qsys_custom_with_bfm.qsys ;
; Altera ; altera_avalon_mm_master_bfm     ; 13.0    ; N/A          ; N/A          ; |master_example_test|amm_master_qsys_custom_with_bfm:u0|custom_master_slave:custom_module_0                                               ; amm_master_qsys_custom_with_bfm/synthesis/../../amm_master_qsys_custom_with_bfm.qsys ;
; Altera ; altera_merlin_master_translator ; 13.0    ; N/A          ; N/A          ; |master_example_test|amm_master_qsys_custom_with_bfm:u0|altera_merlin_master_translator:custom_module_0_avalon_master_translator          ; amm_master_qsys_custom_with_bfm/synthesis/../../amm_master_qsys_custom_with_bfm.qsys ;
; Altera ; altera_merlin_slave_translator  ; 13.0    ; N/A          ; N/A          ; |master_example_test|amm_master_qsys_custom_with_bfm:u0|altera_merlin_slave_translator:custom_module_0_avalon_slave_translator            ; amm_master_qsys_custom_with_bfm/synthesis/../../amm_master_qsys_custom_with_bfm.qsys ;
; Altera ; altera_avalon_mm_master_bfm     ; 13.0    ; N/A          ; N/A          ; |master_example_test|amm_master_qsys_custom_with_bfm:u0|altera_avalon_mm_master_bfm:mm_master_bfm_0                                       ; amm_master_qsys_custom_with_bfm/synthesis/../../amm_master_qsys_custom_with_bfm.qsys ;
; Altera ; altera_merlin_master_translator ; 13.0    ; N/A          ; N/A          ; |master_example_test|amm_master_qsys_custom_with_bfm:u0|altera_merlin_master_translator:mm_master_bfm_0_m0_translator                     ; amm_master_qsys_custom_with_bfm/synthesis/../../amm_master_qsys_custom_with_bfm.qsys ;
; Altera ; altera_avalon_mm_slave_bfm      ; 13.0    ; N/A          ; N/A          ; |master_example_test|amm_master_qsys_custom_with_bfm:u0|altera_avalon_mm_slave_bfm:mm_slave_bfm_0                                         ; amm_master_qsys_custom_with_bfm/synthesis/../../amm_master_qsys_custom_with_bfm.qsys ;
; Altera ; altera_merlin_slave_translator  ; 13.0    ; N/A          ; N/A          ; |master_example_test|amm_master_qsys_custom_with_bfm:u0|altera_merlin_slave_translator:mm_slave_bfm_0_s0_translator                       ; amm_master_qsys_custom_with_bfm/synthesis/../../amm_master_qsys_custom_with_bfm.qsys ;
; Altera ; altera_reset_controller         ; 13.0    ; N/A          ; N/A          ; |master_example_test|amm_master_qsys_custom_with_bfm:u0|altera_reset_controller:rst_controller                                            ; amm_master_qsys_custom_with_bfm/synthesis/../../amm_master_qsys_custom_with_bfm.qsys ;
; Altera ; altera_avalon_mm_master_bfm     ; 13.0    ; N/A          ; N/A          ; |master_example_test|amm_master_qsys_custom_with_bfm:u0|altera_reset_controller:rst_controller|altera_reset_synchronizer:alt_rst_sync_uq1 ; amm_master_qsys_custom_with_bfm/synthesis/../../amm_master_qsys_custom_with_bfm.qsys ;
+--------+---------------------------------+---------+--------------+--------------+-------------------------------------------------------------------------------------------------------------------------------------------+--------------------------------------------------------------------------------------+


+----------------------------------------------------+
; Partition Status Summary                           ;
+----------------+-------------+---------------------+
; Partition Name ; Synthesized ; Reason              ;
+----------------+-------------+---------------------+
; Top            ; no          ; No relevant changes ;
+----------------+-------------+---------------------+


+------------------------------------------------------------------------------------------------------------------------------------------------------------------------------------------+
; Partition for Top-Level Resource Utilization by Entity                                                                                                                                   ;
+----------------------------+-------------------+--------------+-------------+--------------+---------+-----------+-----------+------+--------------+----------------------+--------------+
; Compilation Hierarchy Node ; LC Combinationals ; LC Registers ; Memory Bits ; DSP Elements ; DSP 9x9 ; DSP 18x18 ; DSP 36x36 ; Pins ; Virtual Pins ; Full Hierarchy Name  ; Library Name ;
+----------------------------+-------------------+--------------+-------------+--------------+---------+-----------+-----------+------+--------------+----------------------+--------------+
; |master_example_test       ; 0 (0)             ; 0 (0)        ; 0           ; 0            ; 0       ; 0         ; 0         ; 0    ; 0            ; |master_example_test ; work         ;
+----------------------------+-------------------+--------------+-------------+--------------+---------+-----------+-----------+------+--------------+----------------------+--------------+
Note: For table entries with two numbers listed, the numbers in parentheses indicate the number of resources of the given type used by the specific entity alone. The numbers listed outside of parentheses indicate the total resources of the given type used by the specific entity and all of its sub-entities in the hierarchy.


+---------------------------------------------------------------------------------------------------------------------------------------------+
; Source assignments for amm_master_qsys_custom_with_bfm:u0|altera_reset_controller:rst_controller|altera_reset_synchronizer:alt_rst_sync_uq1 ;
+-------------------+-------+------+----------------------------------------------------------------------------------------------------------+
; Assignment        ; Value ; From ; To                                                                                                       ;
+-------------------+-------+------+----------------------------------------------------------------------------------------------------------+
; PRESERVE_REGISTER ; on    ; -    ; altera_reset_synchronizer_int_chain[1]                                                                   ;
; PRESERVE_REGISTER ; on    ; -    ; altera_reset_synchronizer_int_chain[0]                                                                   ;
+-------------------+-------+------+----------------------------------------------------------------------------------------------------------+


+-----------------------------------------------------------------------------------------------------------------------------+
; Parameter Settings for User Entity Instance: amm_master_qsys_custom_with_bfm:u0|altera_avalon_mm_master_bfm:mm_master_bfm_0 ;
+----------------------------+-------+----------------------------------------------------------------------------------------+
; Parameter Name             ; Value ; Type                                                                                   ;
+----------------------------+-------+----------------------------------------------------------------------------------------+
; AV_ADDRESS_W               ; 32    ; Signed Integer                                                                         ;
; AV_SYMBOL_W                ; 8     ; Signed Integer                                                                         ;
; AV_NUMSYMBOLS              ; 4     ; Signed Integer                                                                         ;
; AV_BURSTCOUNT_W            ; 1     ; Signed Integer                                                                         ;
; AV_READRESPONSE_W          ; 8     ; Signed Integer                                                                         ;
; AV_WRITERESPONSE_W         ; 8     ; Signed Integer                                                                         ;
; USE_READ                   ; 1     ; Signed Integer                                                                         ;
; USE_WRITE                  ; 1     ; Signed Integer                                                                         ;
; USE_ADDRESS                ; 1     ; Signed Integer                                                                         ;
; USE_BYTE_ENABLE            ; 0     ; Signed Integer                                                                         ;
; USE_BURSTCOUNT             ; 0     ; Signed Integer                                                                         ;
; USE_READ_DATA              ; 1     ; Signed Integer                                                                         ;
; USE_READ_DATA_VALID        ; 1     ; Signed Integer                                                                         ;
; USE_WRITE_DATA             ; 1     ; Signed Integer                                                                         ;
; USE_BEGIN_TRANSFER         ; 0     ; Signed Integer                                                                         ;
; USE_BEGIN_BURST_TRANSFER   ; 0     ; Signed Integer                                                                         ;
; USE_WAIT_REQUEST           ; 1     ; Signed Integer                                                                         ;
; USE_ARBITERLOCK            ; 0     ; Signed Integer                                                                         ;
; USE_LOCK                   ; 0     ; Signed Integer                                                                         ;
; USE_DEBUGACCESS            ; 0     ; Signed Integer                                                                         ;
; USE_TRANSACTIONID          ; 0     ; Signed Integer                                                                         ;
; USE_WRITERESPONSE          ; 0     ; Signed Integer                                                                         ;
; USE_READRESPONSE           ; 0     ; Signed Integer                                                                         ;
; USE_CLKEN                  ; 0     ; Signed Integer                                                                         ;
; AV_REGISTERINCOMINGSIGNALS ; 1     ; Signed Integer                                                                         ;
; AV_FIX_READ_LATENCY        ; 1     ; Signed Integer                                                                         ;
; AV_MAX_PENDING_READS       ; 0     ; Signed Integer                                                                         ;
; AV_BURST_LINEWRAP          ; 0     ; Signed Integer                                                                         ;
; AV_BURST_BNDR_ONLY         ; 0     ; Signed Integer                                                                         ;
; AV_CONSTANT_BURST_BEHAVIOR ; 0     ; Signed Integer                                                                         ;
; AV_READ_WAIT_TIME          ; 1     ; Signed Integer                                                                         ;
; AV_WRITE_WAIT_TIME         ; 0     ; Signed Integer                                                                         ;
; REGISTER_WAITREQUEST       ; 1     ; Signed Integer                                                                         ;
; VHDL_ID                    ; 0     ; Signed Integer                                                                         ;
+----------------------------+-------+----------------------------------------------------------------------------------------+
Note: In order to hide this table in the UI and the text report file, please set the "Show Parameter Settings in Synthesis Report" option in "Analysis and Synthesis Settings -> More Settings" to "Off".


+---------------------------------------------------------------------------------------------------------------------------+
; Parameter Settings for User Entity Instance: amm_master_qsys_custom_with_bfm:u0|altera_avalon_mm_slave_bfm:mm_slave_bfm_0 ;
+----------------------------+-------+--------------------------------------------------------------------------------------+
; Parameter Name             ; Value ; Type                                                                                 ;
+----------------------------+-------+--------------------------------------------------------------------------------------+
; AV_ADDRESS_W               ; 24    ; Signed Integer                                                                       ;
; AV_SYMBOL_W                ; 8     ; Signed Integer                                                                       ;
; AV_NUMSYMBOLS              ; 4     ; Signed Integer                                                                       ;
; AV_BURSTCOUNT_W            ; 3     ; Signed Integer                                                                       ;
; AV_READRESPONSE_W          ; 8     ; Signed Integer                                                                       ;
; AV_WRITERESPONSE_W         ; 8     ; Signed Integer                                                                       ;
; USE_READ                   ; 1     ; Signed Integer                                                                       ;
; USE_WRITE                  ; 1     ; Signed Integer                                                                       ;
; USE_ADDRESS                ; 1     ; Signed Integer                                                                       ;
; USE_BYTE_ENABLE            ; 0     ; Signed Integer                                                                       ;
; USE_BURSTCOUNT             ; 0     ; Signed Integer                                                                       ;
; USE_READ_DATA              ; 1     ; Signed Integer                                                                       ;
; USE_READ_DATA_VALID        ; 1     ; Signed Integer                                                                       ;
; USE_WRITE_DATA             ; 1     ; Signed Integer                                                                       ;
; USE_BEGIN_TRANSFER         ; 0     ; Signed Integer                                                                       ;
; USE_BEGIN_BURST_TRANSFER   ; 0     ; Signed Integer                                                                       ;
; USE_WAIT_REQUEST           ; 1     ; Signed Integer                                                                       ;
; USE_ARBITERLOCK            ; 0     ; Signed Integer                                                                       ;
; USE_LOCK                   ; 0     ; Signed Integer                                                                       ;
; USE_DEBUGACCESS            ; 0     ; Signed Integer                                                                       ;
; USE_TRANSACTIONID          ; 0     ; Signed Integer                                                                       ;
; USE_WRITERESPONSE          ; 0     ; Signed Integer                                                                       ;
; USE_READRESPONSE           ; 0     ; Signed Integer                                                                       ;
; USE_CLKEN                  ; 0     ; Signed Integer                                                                       ;
; AV_FIX_READ_LATENCY        ; 0     ; Signed Integer                                                                       ;
; AV_MAX_PENDING_READS       ; 1     ; Signed Integer                                                                       ;
; AV_BURST_LINEWRAP          ; 0     ; Signed Integer                                                                       ;
; AV_BURST_BNDR_ONLY         ; 0     ; Signed Integer                                                                       ;
; AV_READ_WAIT_TIME          ; 1     ; Signed Integer                                                                       ;
; AV_WRITE_WAIT_TIME         ; 0     ; Signed Integer                                                                       ;
; REGISTER_WAITREQUEST       ; 0     ; Signed Integer                                                                       ;
; AV_REGISTERINCOMINGSIGNALS ; 0     ; Signed Integer                                                                       ;
; VHDL_ID                    ; 0     ; Signed Integer                                                                       ;
+----------------------------+-------+--------------------------------------------------------------------------------------+
Note: In order to hide this table in the UI and the text report file, please set the "Show Parameter Settings in Synthesis Report" option in "Analysis and Synthesis Settings -> More Settings" to "Off".


+---------------------------------------------------------------------------------------------------------------------+
; Parameter Settings for User Entity Instance: amm_master_qsys_custom_with_bfm:u0|custom_master_slave:custom_module_0 ;
+---------------------+-------+---------------------------------------------------------------------------------------+
; Parameter Name      ; Value ; Type                                                                                  ;
+---------------------+-------+---------------------------------------------------------------------------------------+
; MASTER_ADDRESSWIDTH ; 26    ; Signed Integer                                                                        ;
; SLAVE_ADDRESSWIDTH  ; 3     ; Signed Integer                                                                        ;
; DATAWIDTH           ; 32    ; Signed Integer                                                                        ;
; NUMREGS             ; 8     ; Signed Integer                                                                        ;
; REGWIDTH            ; 32    ; Signed Integer                                                                        ;
+---------------------+-------+---------------------------------------------------------------------------------------+
Note: In order to hide this table in the UI and the text report file, please set the "Show Parameter Settings in Synthesis Report" option in "Analysis and Synthesis Settings -> More Settings" to "Off".


+-----------------------------------------------------------------------------------------------------------------------------------------------+
; Parameter Settings for User Entity Instance: amm_master_qsys_custom_with_bfm:u0|altera_merlin_master_translator:mm_master_bfm_0_m0_translator ;
+-----------------------------+-------+---------------------------------------------------------------------------------------------------------+
; Parameter Name              ; Value ; Type                                                                                                    ;
+-----------------------------+-------+---------------------------------------------------------------------------------------------------------+
; AV_ADDRESS_W                ; 32    ; Signed Integer                                                                                          ;
; AV_DATA_W                   ; 32    ; Signed Integer                                                                                          ;
; AV_BURSTCOUNT_W             ; 1     ; Signed Integer                                                                                          ;
; AV_BYTEENABLE_W             ; 4     ; Signed Integer                                                                                          ;
; USE_BURSTCOUNT              ; 0     ; Signed Integer                                                                                          ;
; USE_BEGINBURSTTRANSFER      ; 0     ; Signed Integer                                                                                          ;
; USE_BEGINTRANSFER           ; 0     ; Signed Integer                                                                                          ;
; USE_CHIPSELECT              ; 0     ; Signed Integer                                                                                          ;
; USE_READ                    ; 1     ; Signed Integer                                                                                          ;
; USE_READDATAVALID           ; 1     ; Signed Integer                                                                                          ;
; USE_WRITE                   ; 1     ; Signed Integer                                                                                          ;
; USE_WAITREQUEST             ; 1     ; Signed Integer                                                                                          ;
; USE_WRITERESPONSE           ; 0     ; Signed Integer                                                                                          ;
; USE_READRESPONSE            ; 0     ; Signed Integer                                                                                          ;
; AV_REGISTERINCOMINGSIGNALS  ; 1     ; Signed Integer                                                                                          ;
; AV_SYMBOLS_PER_WORD         ; 4     ; Signed Integer                                                                                          ;
; AV_ADDRESS_SYMBOLS          ; 1     ; Signed Integer                                                                                          ;
; AV_CONSTANT_BURST_BEHAVIOR  ; 0     ; Signed Integer                                                                                          ;
; AV_BURSTCOUNT_SYMBOLS       ; 0     ; Signed Integer                                                                                          ;
; AV_LINEWRAPBURSTS           ; 0     ; Signed Integer                                                                                          ;
; UAV_ADDRESS_W               ; 32    ; Signed Integer                                                                                          ;
; UAV_BURSTCOUNT_W            ; 3     ; Signed Integer                                                                                          ;
; UAV_CONSTANT_BURST_BEHAVIOR ; 0     ; Signed Integer                                                                                          ;
+-----------------------------+-------+---------------------------------------------------------------------------------------------------------+
Note: In order to hide this table in the UI and the text report file, please set the "Show Parameter Settings in Synthesis Report" option in "Analysis and Synthesis Settings -> More Settings" to "Off".


+--------------------------------------------------------------------------------------------------------------------------------------------------------+
; Parameter Settings for User Entity Instance: amm_master_qsys_custom_with_bfm:u0|altera_merlin_slave_translator:custom_module_0_avalon_slave_translator ;
+--------------------------------+-------+---------------------------------------------------------------------------------------------------------------+
; Parameter Name                 ; Value ; Type                                                                                                          ;
+--------------------------------+-------+---------------------------------------------------------------------------------------------------------------+
; AV_ADDRESS_W                   ; 3     ; Signed Integer                                                                                                ;
; AV_DATA_W                      ; 32    ; Signed Integer                                                                                                ;
; AV_BURSTCOUNT_W                ; 1     ; Signed Integer                                                                                                ;
; AV_BYTEENABLE_W                ; 4     ; Signed Integer                                                                                                ;
; UAV_BYTEENABLE_W               ; 4     ; Signed Integer                                                                                                ;
; AV_READLATENCY                 ; 0     ; Signed Integer                                                                                                ;
; AV_READ_WAIT_CYCLES            ; 1     ; Signed Integer                                                                                                ;
; AV_WRITE_WAIT_CYCLES           ; 0     ; Signed Integer                                                                                                ;
; AV_SETUP_WAIT_CYCLES           ; 0     ; Signed Integer                                                                                                ;
; AV_DATA_HOLD_CYCLES            ; 0     ; Signed Integer                                                                                                ;
; USE_READDATAVALID              ; 0     ; Signed Integer                                                                                                ;
; USE_WAITREQUEST                ; 0     ; Signed Integer                                                                                                ;
; USE_READRESPONSE               ; 0     ; Signed Integer                                                                                                ;
; USE_WRITERESPONSE              ; 0     ; Signed Integer                                                                                                ;
; AV_SYMBOLS_PER_WORD            ; 4     ; Signed Integer                                                                                                ;
; AV_ADDRESS_SYMBOLS             ; 0     ; Signed Integer                                                                                                ;
; AV_BURSTCOUNT_SYMBOLS          ; 0     ; Signed Integer                                                                                                ;
; BITS_PER_WORD                  ; 2     ; Signed Integer                                                                                                ;
; UAV_ADDRESS_W                  ; 32    ; Signed Integer                                                                                                ;
; UAV_BURSTCOUNT_W               ; 3     ; Signed Integer                                                                                                ;
; UAV_DATA_W                     ; 32    ; Signed Integer                                                                                                ;
; AV_CONSTANT_BURST_BEHAVIOR     ; 0     ; Signed Integer                                                                                                ;
; UAV_CONSTANT_BURST_BEHAVIOR    ; 0     ; Signed Integer                                                                                                ;
; CHIPSELECT_THROUGH_READLATENCY ; 0     ; Signed Integer                                                                                                ;
; USE_UAV_CLKEN                  ; 0     ; Signed Integer                                                                                                ;
; AV_REQUIRE_UNALIGNED_ADDRESSES ; 0     ; Signed Integer                                                                                                ;
+--------------------------------+-------+---------------------------------------------------------------------------------------------------------------+
Note: In order to hide this table in the UI and the text report file, please set the "Show Parameter Settings in Synthesis Report" option in "Analysis and Synthesis Settings -> More Settings" to "Off".


+----------------------------------------------------------------------------------------------------------------------------------------------------------+
; Parameter Settings for User Entity Instance: amm_master_qsys_custom_with_bfm:u0|altera_merlin_master_translator:custom_module_0_avalon_master_translator ;
+-----------------------------+-------+--------------------------------------------------------------------------------------------------------------------+
; Parameter Name              ; Value ; Type                                                                                                               ;
+-----------------------------+-------+--------------------------------------------------------------------------------------------------------------------+
; AV_ADDRESS_W                ; 26    ; Signed Integer                                                                                                     ;
; AV_DATA_W                   ; 32    ; Signed Integer                                                                                                     ;
; AV_BURSTCOUNT_W             ; 1     ; Signed Integer                                                                                                     ;
; AV_BYTEENABLE_W             ; 4     ; Signed Integer                                                                                                     ;
; USE_BURSTCOUNT              ; 0     ; Signed Integer                                                                                                     ;
; USE_BEGINBURSTTRANSFER      ; 0     ; Signed Integer                                                                                                     ;
; USE_BEGINTRANSFER           ; 0     ; Signed Integer                                                                                                     ;
; USE_CHIPSELECT              ; 0     ; Signed Integer                                                                                                     ;
; USE_READ                    ; 1     ; Signed Integer                                                                                                     ;
; USE_READDATAVALID           ; 1     ; Signed Integer                                                                                                     ;
; USE_WRITE                   ; 1     ; Signed Integer                                                                                                     ;
; USE_WAITREQUEST             ; 1     ; Signed Integer                                                                                                     ;
; USE_WRITERESPONSE           ; 0     ; Signed Integer                                                                                                     ;
; USE_READRESPONSE            ; 0     ; Signed Integer                                                                                                     ;
; AV_REGISTERINCOMINGSIGNALS  ; 0     ; Signed Integer                                                                                                     ;
; AV_SYMBOLS_PER_WORD         ; 4     ; Signed Integer                                                                                                     ;
; AV_ADDRESS_SYMBOLS          ; 1     ; Signed Integer                                                                                                     ;
; AV_CONSTANT_BURST_BEHAVIOR  ; 0     ; Signed Integer                                                                                                     ;
; AV_BURSTCOUNT_SYMBOLS       ; 0     ; Signed Integer                                                                                                     ;
; AV_LINEWRAPBURSTS           ; 0     ; Signed Integer                                                                                                     ;
; UAV_ADDRESS_W               ; 26    ; Signed Integer                                                                                                     ;
; UAV_BURSTCOUNT_W            ; 3     ; Signed Integer                                                                                                     ;
; UAV_CONSTANT_BURST_BEHAVIOR ; 0     ; Signed Integer                                                                                                     ;
+-----------------------------+-------+--------------------------------------------------------------------------------------------------------------------+
Note: In order to hide this table in the UI and the text report file, please set the "Show Parameter Settings in Synthesis Report" option in "Analysis and Synthesis Settings -> More Settings" to "Off".


+---------------------------------------------------------------------------------------------------------------------------------------------+
; Parameter Settings for User Entity Instance: amm_master_qsys_custom_with_bfm:u0|altera_merlin_slave_translator:mm_slave_bfm_0_s0_translator ;
+--------------------------------+-------+----------------------------------------------------------------------------------------------------+
; Parameter Name                 ; Value ; Type                                                                                               ;
+--------------------------------+-------+----------------------------------------------------------------------------------------------------+
; AV_ADDRESS_W                   ; 24    ; Signed Integer                                                                                     ;
; AV_DATA_W                      ; 32    ; Signed Integer                                                                                     ;
; AV_BURSTCOUNT_W                ; 1     ; Signed Integer                                                                                     ;
; AV_BYTEENABLE_W                ; 4     ; Signed Integer                                                                                     ;
; UAV_BYTEENABLE_W               ; 4     ; Signed Integer                                                                                     ;
; AV_READLATENCY                 ; 0     ; Signed Integer                                                                                     ;
; AV_READ_WAIT_CYCLES            ; 1     ; Signed Integer                                                                                     ;
; AV_WRITE_WAIT_CYCLES           ; 0     ; Signed Integer                                                                                     ;
; AV_SETUP_WAIT_CYCLES           ; 0     ; Signed Integer                                                                                     ;
; AV_DATA_HOLD_CYCLES            ; 0     ; Signed Integer                                                                                     ;
; USE_READDATAVALID              ; 1     ; Signed Integer                                                                                     ;
; USE_WAITREQUEST                ; 1     ; Signed Integer                                                                                     ;
; USE_READRESPONSE               ; 0     ; Signed Integer                                                                                     ;
; USE_WRITERESPONSE              ; 0     ; Signed Integer                                                                                     ;
; AV_SYMBOLS_PER_WORD            ; 4     ; Signed Integer                                                                                     ;
; AV_ADDRESS_SYMBOLS             ; 0     ; Signed Integer                                                                                     ;
; AV_BURSTCOUNT_SYMBOLS          ; 0     ; Signed Integer                                                                                     ;
; BITS_PER_WORD                  ; 2     ; Signed Integer                                                                                     ;
; UAV_ADDRESS_W                  ; 26    ; Signed Integer                                                                                     ;
; UAV_BURSTCOUNT_W               ; 3     ; Signed Integer                                                                                     ;
; UAV_DATA_W                     ; 32    ; Signed Integer                                                                                     ;
; AV_CONSTANT_BURST_BEHAVIOR     ; 0     ; Signed Integer                                                                                     ;
; UAV_CONSTANT_BURST_BEHAVIOR    ; 0     ; Signed Integer                                                                                     ;
; CHIPSELECT_THROUGH_READLATENCY ; 0     ; Signed Integer                                                                                     ;
; USE_UAV_CLKEN                  ; 0     ; Signed Integer                                                                                     ;
; AV_REQUIRE_UNALIGNED_ADDRESSES ; 0     ; Signed Integer                                                                                     ;
+--------------------------------+-------+----------------------------------------------------------------------------------------------------+
Note: In order to hide this table in the UI and the text report file, please set the "Show Parameter Settings in Synthesis Report" option in "Analysis and Synthesis Settings -> More Settings" to "Off".


+------------------------------------------------------------------------------------------------------------------------+
; Parameter Settings for User Entity Instance: amm_master_qsys_custom_with_bfm:u0|altera_reset_controller:rst_controller ;
+-------------------------+----------+-----------------------------------------------------------------------------------+
; Parameter Name          ; Value    ; Type                                                                              ;
+-------------------------+----------+-----------------------------------------------------------------------------------+
; NUM_RESET_INPUTS        ; 1        ; Signed Integer                                                                    ;
; OUTPUT_RESET_SYNC_EDGES ; deassert ; String                                                                            ;
; SYNC_DEPTH              ; 2        ; Signed Integer                                                                    ;
; RESET_REQUEST_PRESENT   ; 0        ; Signed Integer                                                                    ;
+-------------------------+----------+-----------------------------------------------------------------------------------+
Note: In order to hide this table in the UI and the text report file, please set the "Show Parameter Settings in Synthesis Report" option in "Analysis and Synthesis Settings -> More Settings" to "Off".


+-------------------------------------------------------------------------------------------------------------------------------------------------------------------+
; Parameter Settings for User Entity Instance: amm_master_qsys_custom_with_bfm:u0|altera_reset_controller:rst_controller|altera_reset_synchronizer:alt_rst_sync_uq1 ;
+----------------+-------+------------------------------------------------------------------------------------------------------------------------------------------+
; Parameter Name ; Value ; Type                                                                                                                                     ;
+----------------+-------+------------------------------------------------------------------------------------------------------------------------------------------+
; ASYNC_RESET    ; 1     ; Unsigned Binary                                                                                                                          ;
; DEPTH          ; 2     ; Signed Integer                                                                                                                           ;
+----------------+-------+------------------------------------------------------------------------------------------------------------------------------------------+
Note: In order to hide this table in the UI and the text report file, please set the "Show Parameter Settings in Synthesis Report" option in "Analysis and Synthesis Settings -> More Settings" to "Off".


+----------------------------------------------------------------------------------------------------------------------------------------------------------------------------------+
; Partition Dependent Files                                                                                                                                                        ;
+-----------------------------------------------------------------------------------------+-------------------+---------------------------------+----------------------------------+
; File                                                                                    ; Location          ; Library                         ; Checksum                         ;
+-----------------------------------------------------------------------------------------+-------------------+---------------------------------+----------------------------------+
; amm_master_qsys_custom_with_bfm/synthesis/amm_master_qsys_custom_with_bfm.v             ; Project Directory ; amm_master_qsys_custom_with_bfm ; 37cf866ee627e040b174ebaa177004aa ;
; amm_master_qsys_custom_with_bfm/synthesis/submodules/altera_avalon_mm_master_bfm.sv     ; Project Directory ; amm_master_qsys_custom_with_bfm ; 2c3dd03970b67819c42589d8740b6a86 ;
; amm_master_qsys_custom_with_bfm/synthesis/submodules/altera_avalon_mm_slave_bfm.sv      ; Project Directory ; amm_master_qsys_custom_with_bfm ; 923c0d6d07e64a5a6df3ecff8d1acd10 ;
; amm_master_qsys_custom_with_bfm/synthesis/submodules/altera_merlin_master_translator.sv ; Project Directory ; amm_master_qsys_custom_with_bfm ; 6b4598dee7da1eadd64146fed6030bdc ;
; amm_master_qsys_custom_with_bfm/synthesis/submodules/altera_merlin_slave_translator.sv  ; Project Directory ; amm_master_qsys_custom_with_bfm ; bc118364d06b363e56573fb5d3b6fdaf ;
; amm_master_qsys_custom_with_bfm/synthesis/submodules/altera_reset_controller.v          ; Project Directory ; amm_master_qsys_custom_with_bfm ; 0beafc19d55871a9fc53d7506b0ce184 ;
; amm_master_qsys_custom_with_bfm/synthesis/submodules/altera_reset_synchronizer.v        ; Project Directory ; amm_master_qsys_custom_with_bfm ; 6eb2b53a3b8f18b27f59faf47da176dc ;
; amm_master_qsys_custom_with_bfm/synthesis/submodules/custom_master_slave.sv             ; Project Directory ; amm_master_qsys_custom_with_bfm ; 768bd820a0c0eb2831e59783442964a3 ;
; master_example_test.sv                                                                  ; Project Directory ; work                            ; 8c62578538d08cdc8e59633b28e28116 ;
+-----------------------------------------------------------------------------------------+-------------------+---------------------------------+----------------------------------+


+-------------------------------------------------------------------------------------------------------+
; Port Connectivity Checks: "amm_master_qsys_custom_with_bfm:u0|altera_reset_controller:rst_controller" ;
+------------+--------+----------+----------------------------------------------------------------------+
; Port       ; Type   ; Severity ; Details                                                              ;
+------------+--------+----------+----------------------------------------------------------------------+
; reset_req  ; Output ; Info     ; Explicitly unconnected                                               ;
; reset_in1  ; Input  ; Info     ; Stuck at GND                                                         ;
; reset_in2  ; Input  ; Info     ; Stuck at GND                                                         ;
; reset_in3  ; Input  ; Info     ; Stuck at GND                                                         ;
; reset_in4  ; Input  ; Info     ; Stuck at GND                                                         ;
; reset_in5  ; Input  ; Info     ; Stuck at GND                                                         ;
; reset_in6  ; Input  ; Info     ; Stuck at GND                                                         ;
; reset_in7  ; Input  ; Info     ; Stuck at GND                                                         ;
; reset_in8  ; Input  ; Info     ; Stuck at GND                                                         ;
; reset_in9  ; Input  ; Info     ; Stuck at GND                                                         ;
; reset_in10 ; Input  ; Info     ; Stuck at GND                                                         ;
; reset_in11 ; Input  ; Info     ; Stuck at GND                                                         ;
; reset_in12 ; Input  ; Info     ; Stuck at GND                                                         ;
; reset_in13 ; Input  ; Info     ; Stuck at GND                                                         ;
; reset_in14 ; Input  ; Info     ; Stuck at GND                                                         ;
; reset_in15 ; Input  ; Info     ; Stuck at GND                                                         ;
+------------+--------+----------+----------------------------------------------------------------------+


+----------------------------------------------------------------------------------------------------------------------------+
; Port Connectivity Checks: "amm_master_qsys_custom_with_bfm:u0|altera_merlin_slave_translator:mm_slave_bfm_0_s0_translator" ;
+--------------------------+--------+----------+-----------------------------------------------------------------------------+
; Port                     ; Type   ; Severity ; Details                                                                     ;
+--------------------------+--------+----------+-----------------------------------------------------------------------------+
; av_begintransfer         ; Output ; Info     ; Explicitly unconnected                                                      ;
; av_beginbursttransfer    ; Output ; Info     ; Explicitly unconnected                                                      ;
; av_burstcount            ; Output ; Info     ; Explicitly unconnected                                                      ;
; av_byteenable            ; Output ; Info     ; Explicitly unconnected                                                      ;
; av_writebyteenable       ; Output ; Info     ; Explicitly unconnected                                                      ;
; av_lock                  ; Output ; Info     ; Explicitly unconnected                                                      ;
; av_chipselect            ; Output ; Info     ; Explicitly unconnected                                                      ;
; av_clken                 ; Output ; Info     ; Explicitly unconnected                                                      ;
; uav_clken                ; Input  ; Info     ; Stuck at GND                                                                ;
; av_debugaccess           ; Output ; Info     ; Explicitly unconnected                                                      ;
; av_outputenable          ; Output ; Info     ; Explicitly unconnected                                                      ;
; uav_response             ; Output ; Info     ; Explicitly unconnected                                                      ;
; av_response              ; Input  ; Info     ; Stuck at GND                                                                ;
; uav_writeresponserequest ; Input  ; Info     ; Stuck at GND                                                                ;
; uav_writeresponsevalid   ; Output ; Info     ; Explicitly unconnected                                                      ;
; av_writeresponserequest  ; Output ; Info     ; Explicitly unconnected                                                      ;
; av_writeresponsevalid    ; Input  ; Info     ; Stuck at GND                                                                ;
+--------------------------+--------+----------+-----------------------------------------------------------------------------+


+-----------------------------------------------------------------------------------------------------------------------------------------+
; Port Connectivity Checks: "amm_master_qsys_custom_with_bfm:u0|altera_merlin_master_translator:custom_module_0_avalon_master_translator" ;
+--------------------------+--------+----------+------------------------------------------------------------------------------------------+
; Port                     ; Type   ; Severity ; Details                                                                                  ;
+--------------------------+--------+----------+------------------------------------------------------------------------------------------+
; av_burstcount            ; Input  ; Info     ; Stuck at VCC                                                                             ;
; av_byteenable            ; Input  ; Info     ; Stuck at VCC                                                                             ;
; av_beginbursttransfer    ; Input  ; Info     ; Stuck at GND                                                                             ;
; av_begintransfer         ; Input  ; Info     ; Stuck at GND                                                                             ;
; av_chipselect            ; Input  ; Info     ; Stuck at GND                                                                             ;
; av_lock                  ; Input  ; Info     ; Stuck at GND                                                                             ;
; av_debugaccess           ; Input  ; Info     ; Stuck at GND                                                                             ;
; uav_clken                ; Output ; Info     ; Explicitly unconnected                                                                   ;
; av_clken                 ; Input  ; Info     ; Stuck at VCC                                                                             ;
; uav_response             ; Input  ; Info     ; Stuck at GND                                                                             ;
; av_response              ; Output ; Info     ; Explicitly unconnected                                                                   ;
; uav_writeresponserequest ; Output ; Info     ; Explicitly unconnected                                                                   ;
; uav_writeresponsevalid   ; Input  ; Info     ; Stuck at GND                                                                             ;
; av_writeresponserequest  ; Input  ; Info     ; Stuck at GND                                                                             ;
; av_writeresponsevalid    ; Output ; Info     ; Explicitly unconnected                                                                   ;
+--------------------------+--------+----------+------------------------------------------------------------------------------------------+


+---------------------------------------------------------------------------------------------------------------------------------------+
; Port Connectivity Checks: "amm_master_qsys_custom_with_bfm:u0|altera_merlin_slave_translator:custom_module_0_avalon_slave_translator" ;
+--------------------------+--------+----------+----------------------------------------------------------------------------------------+
; Port                     ; Type   ; Severity ; Details                                                                                ;
+--------------------------+--------+----------+----------------------------------------------------------------------------------------+
; av_begintransfer         ; Output ; Info     ; Explicitly unconnected                                                                 ;
; av_beginbursttransfer    ; Output ; Info     ; Explicitly unconnected                                                                 ;
; av_burstcount            ; Output ; Info     ; Explicitly unconnected                                                                 ;
; av_byteenable            ; Output ; Info     ; Explicitly unconnected                                                                 ;
; av_readdatavalid         ; Input  ; Info     ; Stuck at GND                                                                           ;
; av_waitrequest           ; Input  ; Info     ; Stuck at GND                                                                           ;
; av_writebyteenable       ; Output ; Info     ; Explicitly unconnected                                                                 ;
; av_lock                  ; Output ; Info     ; Explicitly unconnected                                                                 ;
; av_clken                 ; Output ; Info     ; Explicitly unconnected                                                                 ;
; uav_clken                ; Input  ; Info     ; Stuck at GND                                                                           ;
; av_debugaccess           ; Output ; Info     ; Explicitly unconnected                                                                 ;
; av_outputenable          ; Output ; Info     ; Explicitly unconnected                                                                 ;
; uav_response             ; Output ; Info     ; Explicitly unconnected                                                                 ;
; av_response              ; Input  ; Info     ; Stuck at GND                                                                           ;
; uav_writeresponserequest ; Input  ; Info     ; Stuck at GND                                                                           ;
; uav_writeresponsevalid   ; Output ; Info     ; Explicitly unconnected                                                                 ;
; av_writeresponserequest  ; Output ; Info     ; Explicitly unconnected                                                                 ;
; av_writeresponsevalid    ; Input  ; Info     ; Stuck at GND                                                                           ;
+--------------------------+--------+----------+----------------------------------------------------------------------------------------+


+------------------------------------------------------------------------------------------------------------------------------+
; Port Connectivity Checks: "amm_master_qsys_custom_with_bfm:u0|altera_merlin_master_translator:mm_master_bfm_0_m0_translator" ;
+--------------------------+--------+----------+-------------------------------------------------------------------------------+
; Port                     ; Type   ; Severity ; Details                                                                       ;
+--------------------------+--------+----------+-------------------------------------------------------------------------------+
; av_burstcount            ; Input  ; Info     ; Stuck at VCC                                                                  ;
; av_byteenable            ; Input  ; Info     ; Stuck at VCC                                                                  ;
; av_beginbursttransfer    ; Input  ; Info     ; Stuck at GND                                                                  ;
; av_begintransfer         ; Input  ; Info     ; Stuck at GND                                                                  ;
; av_chipselect            ; Input  ; Info     ; Stuck at GND                                                                  ;
; av_lock                  ; Input  ; Info     ; Stuck at GND                                                                  ;
; av_debugaccess           ; Input  ; Info     ; Stuck at GND                                                                  ;
; uav_clken                ; Output ; Info     ; Explicitly unconnected                                                        ;
; av_clken                 ; Input  ; Info     ; Stuck at VCC                                                                  ;
; uav_response             ; Input  ; Info     ; Stuck at GND                                                                  ;
; av_response              ; Output ; Info     ; Explicitly unconnected                                                        ;
; uav_writeresponserequest ; Output ; Info     ; Explicitly unconnected                                                        ;
; uav_writeresponsevalid   ; Input  ; Info     ; Stuck at GND                                                                  ;
; av_writeresponserequest  ; Input  ; Info     ; Stuck at GND                                                                  ;
; av_writeresponsevalid    ; Output ; Info     ; Explicitly unconnected                                                        ;
+--------------------------+--------+----------+-------------------------------------------------------------------------------+


+------------------------------------------------------------------------------------------------------------------------------------------------------------------------+
; Port Connectivity Checks: "amm_master_qsys_custom_with_bfm:u0|custom_master_slave:custom_module_0"                                                                     ;
+--------------+--------+----------+-------------------------------------------------------------------------------------------------------------------------------------+
; Port         ; Type   ; Severity ; Details                                                                                                                             ;
+--------------+--------+----------+-------------------------------------------------------------------------------------------------------------------------------------+
; display_data ; Output ; Warning  ; Output or bidir port (32 bits) is wider than the port expression (26 bits) it drives; bit(s) "display_data[31..26]" have no fanouts ;
+--------------+--------+----------+-------------------------------------------------------------------------------------------------------------------------------------+


+----------------------------------------------------------------------------------------------------------+
; Port Connectivity Checks: "amm_master_qsys_custom_with_bfm:u0|altera_avalon_mm_slave_bfm:mm_slave_bfm_0" ;
+--------------------------+--------+----------+-----------------------------------------------------------+
; Port                     ; Type   ; Severity ; Details                                                   ;
+--------------------------+--------+----------+-----------------------------------------------------------+
; avs_begintransfer        ; Input  ; Info     ; Stuck at GND                                              ;
; avs_beginbursttransfer   ; Input  ; Info     ; Stuck at GND                                              ;
; avs_burstcount[2..1]     ; Input  ; Info     ; Stuck at GND                                              ;
; avs_burstcount[0]        ; Input  ; Info     ; Stuck at VCC                                              ;
; avs_byteenable           ; Input  ; Info     ; Stuck at VCC                                              ;
; avs_arbiterlock          ; Input  ; Info     ; Stuck at GND                                              ;
; avs_lock                 ; Input  ; Info     ; Stuck at GND                                              ;
; avs_debugaccess          ; Input  ; Info     ; Stuck at GND                                              ;
; avs_transactionid        ; Input  ; Info     ; Stuck at GND                                              ;
; avs_readresponse         ; Output ; Info     ; Explicitly unconnected                                    ;
; avs_readid               ; Output ; Info     ; Explicitly unconnected                                    ;
; avs_writeresponserequest ; Input  ; Info     ; Stuck at GND                                              ;
; avs_writeresponse        ; Output ; Info     ; Explicitly unconnected                                    ;
; avs_writeresponsevalid   ; Output ; Info     ; Explicitly unconnected                                    ;
; avs_writeid              ; Output ; Info     ; Explicitly unconnected                                    ;
; avs_clken                ; Input  ; Info     ; Stuck at VCC                                              ;
+--------------------------+--------+----------+-----------------------------------------------------------+


+------------------------------------------------------------------------------------------------------------+
; Port Connectivity Checks: "amm_master_qsys_custom_with_bfm:u0|altera_avalon_mm_master_bfm:mm_master_bfm_0" ;
+--------------------------+--------+----------+-------------------------------------------------------------+
; Port                     ; Type   ; Severity ; Details                                                     ;
+--------------------------+--------+----------+-------------------------------------------------------------+
; avm_burstcount           ; Output ; Info     ; Explicitly unconnected                                      ;
; avm_begintransfer        ; Output ; Info     ; Explicitly unconnected                                      ;
; avm_beginbursttransfer   ; Output ; Info     ; Explicitly unconnected                                      ;
; avm_byteenable           ; Output ; Info     ; Explicitly unconnected                                      ;
; avm_arbiterlock          ; Output ; Info     ; Explicitly unconnected                                      ;
; avm_lock                 ; Output ; Info     ; Explicitly unconnected                                      ;
; avm_debugaccess          ; Output ; Info     ; Explicitly unconnected                                      ;
; avm_transactionid        ; Output ; Info     ; Explicitly unconnected                                      ;
; avm_readresponse         ; Input  ; Info     ; Stuck at GND                                                ;
; avm_readid               ; Input  ; Info     ; Stuck at GND                                                ;
; avm_writeresponserequest ; Output ; Info     ; Explicitly unconnected                                      ;
; avm_writeresponse        ; Input  ; Info     ; Stuck at GND                                                ;
; avm_writeresponsevalid   ; Input  ; Info     ; Stuck at GND                                                ;
; avm_writeid              ; Input  ; Info     ; Stuck at GND                                                ;
; avm_clken                ; Output ; Info     ; Explicitly unconnected                                      ;
+--------------------------+--------+----------+-------------------------------------------------------------+


+---------------------------------------------------------------------------------------------------------------------------------------------------------------------------------------------------------------------------------------------+
; Port Connectivity Checks: "amm_master_qsys_custom_with_bfm:u0"                                                                                                                                                                              ;
+------------------------------------+--------+----------+------------------------------------------------------------------------------------------------------------------------------------------------------------------------------------+
; Port                               ; Type   ; Severity ; Details                                                                                                                                                                            ;
+------------------------------------+--------+----------+------------------------------------------------------------------------------------------------------------------------------------------------------------------------------------+
; custom_module_conduit_rdwr_address ; Input  ; Warning  ; Input port expression (27 bits) is wider than the input port (26 bits) it drives.  The 1 most-significant bit(s) in the expression will be dangling if they have no other fanouts. ;
; custom_module_conduit_add_data_sel ; Input  ; Warning  ; Declared by entity but not connected by instance. If a default value exists, it will be used.  Otherwise, the port will be connected to GND.                                       ;
; custom_module_conduit_display_data ; Output ; Warning  ; Declared by entity but not connected by instance. Logic that only feeds a dangling port will be removed.                                                                           ;
+------------------------------------+--------+----------+------------------------------------------------------------------------------------------------------------------------------------------------------------------------------------+


+-------------------------------+
; Analysis & Synthesis Messages ;
+-------------------------------+
Info: *******************************************************************
Info: Running Quartus II 32-bit Analysis & Synthesis
    Info: Version 13.0.1 Build 232 06/12/2013 Service Pack 1 SJ Full Version
    Info: Processing started: Tue Apr 21 13:39:05 2015
Info: Command: quartus_map --read_settings_files=on --write_settings_files=off master_example -c master_example
Info (20030): Parallel compilation is enabled and will use 8 of the 8 processors detected
Info (12021): Found 1 design units, including 1 entities, in source file amm_master_qsys_custom_with_bfm/synthesis/amm_master_qsys_custom_with_bfm.v
    Info (12023): Found entity 1: amm_master_qsys_custom_with_bfm
Info (12021): Found 1 design units, including 1 entities, in source file amm_master_qsys_custom_with_bfm/synthesis/submodules/altera_reset_controller.v
    Info (12023): Found entity 1: altera_reset_controller
Info (12021): Found 1 design units, including 1 entities, in source file amm_master_qsys_custom_with_bfm/synthesis/submodules/altera_reset_synchronizer.v
    Info (12023): Found entity 1: altera_reset_synchronizer
Info (12021): Found 1 design units, including 1 entities, in source file amm_master_qsys_custom_with_bfm/synthesis/submodules/altera_merlin_slave_translator.sv
    Info (12023): Found entity 1: altera_merlin_slave_translator
Info (12021): Found 1 design units, including 1 entities, in source file amm_master_qsys_custom_with_bfm/synthesis/submodules/altera_merlin_master_translator.sv
    Info (12023): Found entity 1: altera_merlin_master_translator
Info (12021): Found 1 design units, including 1 entities, in source file amm_master_qsys_custom_with_bfm/synthesis/submodules/custom_master_slave.sv
    Info (12023): Found entity 1: custom_master_slave
Info (12021): Found 1 design units, including 0 entities, in source file amm_master_qsys_custom_with_bfm/synthesis/submodules/verbosity_pkg.sv
    Info (12022): Found design unit 1: verbosity_pkg (SystemVerilog) (amm_master_qsys_custom_with_bfm)
Info (12021): Found 1 design units, including 0 entities, in source file amm_master_qsys_custom_with_bfm/synthesis/submodules/avalon_mm_pkg.sv
    Info (12022): Found design unit 1: avalon_mm_pkg (SystemVerilog) (amm_master_qsys_custom_with_bfm)
Info (12021): Found 1 design units, including 1 entities, in source file amm_master_qsys_custom_with_bfm/synthesis/submodules/altera_avalon_mm_slave_bfm.sv
    Info (12023): Found entity 1: altera_avalon_mm_slave_bfm
Info (12021): Found 1 design units, including 1 entities, in source file amm_master_qsys_custom_with_bfm/synthesis/submodules/altera_avalon_mm_master_bfm.sv
    Info (12023): Found entity 1: altera_avalon_mm_master_bfm
Info (12021): Found 1 design units, including 1 entities, in source file master_example_test.sv
    Info (12023): Found entity 1: master_example_test
Warning (10222): Verilog HDL Parameter Declaration warning at custom_master_slave.sv(43): Parameter Declaration in module "custom_master_slave" behaves as a Local Parameter Declaration because the module has a Module Parameter Port List
Warning (10222): Verilog HDL Parameter Declaration warning at custom_master_slave.sv(44): Parameter Declaration in module "custom_master_slave" behaves as a Local Parameter Declaration because the module has a Module Parameter Port List
Warning (10222): Verilog HDL Parameter Declaration warning at custom_master_slave.sv(45): Parameter Declaration in module "custom_master_slave" behaves as a Local Parameter Declaration because the module has a Module Parameter Port List
Info (12127): Elaborating entity "master_example_test" for the top level hierarchy
Info (12128): Elaborating entity "amm_master_qsys_custom_with_bfm" for hierarchy "amm_master_qsys_custom_with_bfm:u0"
Info (12128): Elaborating entity "altera_avalon_mm_master_bfm" for hierarchy "amm_master_qsys_custom_with_bfm:u0|altera_avalon_mm_master_bfm:mm_master_bfm_0"
Warning (10034): Output port "avm_address" at altera_avalon_mm_master_bfm.sv(171) has no driver
Warning (10034): Output port "avm_byteenable" at altera_avalon_mm_master_bfm.sv(172) has no driver
Warning (10034): Output port "avm_burstcount[0]" at altera_avalon_mm_master_bfm.sv(173) has no driver
Warning (10034): Output port "avm_writedata" at altera_avalon_mm_master_bfm.sv(176) has no driver
Warning (10034): Output port "avm_transactionid" at altera_avalon_mm_master_bfm.sv(181) has no driver
Warning (10034): Output port "avm_clken" at altera_avalon_mm_master_bfm.sv(189) has no driver
Warning (10034): Output port "avm_write" at altera_avalon_mm_master_bfm.sv(169) has no driver
Warning (10034): Output port "avm_read" at altera_avalon_mm_master_bfm.sv(170) has no driver
Warning (10034): Output port "avm_beginbursttransfer" at altera_avalon_mm_master_bfm.sv(174) has no driver
Warning (10034): Output port "avm_begintransfer" at altera_avalon_mm_master_bfm.sv(175) has no driver
Warning (10034): Output port "avm_arbiterlock" at altera_avalon_mm_master_bfm.sv(177) has no driver
Warning (10034): Output port "avm_lock" at altera_avalon_mm_master_bfm.sv(178) has no driver
Warning (10034): Output port "avm_debugaccess" at altera_avalon_mm_master_bfm.sv(179) has no driver
Warning (10034): Output port "avm_writeresponserequest" at altera_avalon_mm_master_bfm.sv(184) has no driver
Info (12128): Elaborating entity "altera_avalon_mm_slave_bfm" for hierarchy "amm_master_qsys_custom_with_bfm:u0|altera_avalon_mm_slave_bfm:mm_slave_bfm_0"
Warning (10034): Output port "avs_readdata" at altera_avalon_mm_slave_bfm.sv(123) has no driver
Warning (10034): Output port "avs_readresponse" at altera_avalon_mm_slave_bfm.sv(137) has no driver
Warning (10034): Output port "avs_readid" at altera_avalon_mm_slave_bfm.sv(138) has no driver
Warning (10034): Output port "avs_writeresponse" at altera_avalon_mm_slave_bfm.sv(141) has no driver
Warning (10034): Output port "avs_writeid" at altera_avalon_mm_slave_bfm.sv(142) has no driver
Warning (10034): Output port "avs_waitrequest" at altera_avalon_mm_slave_bfm.sv(121) has no driver
Warning (10034): Output port "avs_readdatavalid" at altera_avalon_mm_slave_bfm.sv(122) has no driver
Warning (10034): Output port "avs_writeresponsevalid" at altera_avalon_mm_slave_bfm.sv(140) has no driver
Info (12128): Elaborating entity "custom_master_slave" for hierarchy "amm_master_qsys_custom_with_bfm:u0|custom_master_slave:custom_module_0"
Warning (10036): Verilog HDL or VHDL warning at custom_master_slave.sv(48): object "read_data" assigned a value but never read
Warning (10858): Verilog HDL warning at custom_master_slave.sv(49): object nextData used but never assigned
Warning (10036): Verilog HDL or VHDL warning at custom_master_slave.sv(49): object "wr_data" assigned a value but never read
Warning (10230): Verilog HDL assignment warning at custom_master_slave.sv(89): truncated value with size 32 to match size of target (26)
Warning (10230): Verilog HDL assignment warning at custom_master_slave.sv(127): truncated value with size 32 to match size of target (8)
Warning (10230): Verilog HDL assignment warning at custom_master_slave.sv(128): truncated value with size 32 to match size of target (26)
Warning (10230): Verilog HDL assignment warning at custom_master_slave.sv(135): truncated value with size 32 to match size of target (26)
Warning (10230): Verilog HDL assignment warning at custom_master_slave.sv(136): truncated value with size 32 to match size of target (8)
Warning (10270): Verilog HDL Case Statement warning at custom_master_slave.sv(116): incomplete case statement has no default case item
Warning (10230): Verilog HDL assignment warning at custom_master_slave.sv(155): truncated value with size 32 to match size of target (26)
Warning (10270): Verilog HDL Case Statement warning at custom_master_slave.sv(156): incomplete case statement has no default case item
Info (12128): Elaborating entity "altera_merlin_master_translator" for hierarchy "amm_master_qsys_custom_with_bfm:u0|altera_merlin_master_translator:mm_master_bfm_0_m0_translator"
Info (12128): Elaborating entity "altera_merlin_slave_translator" for hierarchy "amm_master_qsys_custom_with_bfm:u0|altera_merlin_slave_translator:custom_module_0_avalon_slave_translator"
Info (12128): Elaborating entity "altera_merlin_master_translator" for hierarchy "amm_master_qsys_custom_with_bfm:u0|altera_merlin_master_translator:custom_module_0_avalon_master_translator"
Info (12128): Elaborating entity "altera_merlin_slave_translator" for hierarchy "amm_master_qsys_custom_with_bfm:u0|altera_merlin_slave_translator:mm_slave_bfm_0_s0_translator"
Info (12128): Elaborating entity "altera_reset_controller" for hierarchy "amm_master_qsys_custom_with_bfm:u0|altera_reset_controller:rst_controller"
Info (12128): Elaborating entity "altera_reset_synchronizer" for hierarchy "amm_master_qsys_custom_with_bfm:u0|altera_reset_controller:rst_controller|altera_reset_synchronizer:alt_rst_sync_uq1"
Info (12206): 0 design partitions require synthesis
Info (12207): 1 design partition does not require synthesis
    Info (12229): Partition "Top" does not require synthesis because there were no relevant design changes
Warning (12241): 2 hierarchies have connectivity warnings - see the Connectivity Checks report folder
Info: Quartus II 32-bit Analysis & Synthesis was successful. 0 errors, 37 warnings
    Info: Peak virtual memory: 365 megabytes
    Info: Processing ended: Tue Apr 21 13:39:09 2015
    Info: Elapsed time: 00:00:04
    Info: Total CPU time (on all processors): 00:00:02


