Partition Merge report for master_example
Tue Apr 21 13:39:14 2015
Quartus II 32-bit Version 13.0.1 Build 232 06/12/2013 Service Pack 1 SJ Full Version


---------------------
; Table of Contents ;
---------------------
  1. Legal Notice
  2. Partition Merge Summary
  3. Partition Merge Netlist Types Used
  4. Partition Merge Partition Statistics
  5. Partition Merge Partition Pin Processing
  6. Partition Merge Resource Usage Summary
  7. Partition Merge Messages



----------------
; Legal Notice ;
----------------
Copyright (C) 1991-2013 Altera Corporation
Your use of Altera Corporation's design tools, logic functions 
and other software and tools, and its AMPP partner logic 
functions, and any output files from any of the foregoing 
(including device programming or simulation files), and any 
associated documentation or information are expressly subject 
to the terms and conditions of the Altera Program License 
Subscription Agreement, Altera MegaCore Function License 
Agreement, or other applicable license agreement, including, 
without limitation, that your use is for the sole purpose of 
programming logic devices manufactured by Altera and sold by 
Altera or its authorized distributors.  Please refer to the 
applicable agreement for further details.



+---------------------------------------------------------------------------------------+
; Partition Merge Summary                                                               ;
+------------------------------------+--------------------------------------------------+
; Partition Merge Status             ; Successful - Tue Apr 21 13:39:14 2015            ;
; Quartus II 32-bit Version          ; 13.0.1 Build 232 06/12/2013 SP 1 SJ Full Version ;
; Revision Name                      ; master_example                                   ;
; Top-level Entity Name              ; master_example_test                              ;
; Family                             ; Cyclone IV GX                                    ;
; Total logic elements               ; 0 / 149,760 ( 0 % )                              ;
;     Total combinational functions  ; 0 / 149,760 ( 0 % )                              ;
;     Dedicated logic registers      ; 0 / 149,760 ( 0 % )                              ;
; Total registers                    ; 0                                                ;
; Total pins                         ; 31 / 508 ( 6 % )                                 ;
; Total virtual pins                 ; 0                                                ;
; Total memory bits                  ; 0 / 6,635,520 ( 0 % )                            ;
; Embedded Multiplier 9-bit elements ; 0 / 720 ( 0 % )                                  ;
; Total GXB Receiver Channel PCS     ; 0 / 8 ( 0 % )                                    ;
; Total GXB Receiver Channel PMA     ; 0 / 8 ( 0 % )                                    ;
; Total GXB Transmitter Channel PCS  ; 0 / 8 ( 0 % )                                    ;
; Total GXB Transmitter Channel PMA  ; 0 / 8 ( 0 % )                                    ;
; Total PLLs                         ; 0 / 8 ( 0 % )                                    ;
+------------------------------------+--------------------------------------------------+


+-------------------------------------------------------------------------------------------------------------------------------+
; Partition Merge Netlist Types Used                                                                                            ;
+--------------------------------+----------------+-------------------+------------------------+--------------------------------+
; Partition Name                 ; Partition Type ; Netlist Type Used ; Netlist Type Requested ; Partition Contents             ;
+--------------------------------+----------------+-------------------+------------------------+--------------------------------+
; Top                            ; User-created   ; Post-Fit          ; Post-Fit               ;                                ;
; hard_block:auto_generated_inst ; Auto-generated ; Source File       ; Source File            ; hard_block:auto_generated_inst ;
+--------------------------------+----------------+-------------------+------------------------+--------------------------------+


+---------------------------------------------------------------------------------------------------+
; Partition Merge Partition Statistics                                                              ;
+---------------------------------------------+--------------------+--------------------------------+
; Statistic                                   ; Top                ; hard_block:auto_generated_inst ;
+---------------------------------------------+--------------------+--------------------------------+
; Estimated Total logic elements              ; 0 / 149760 ( 0 % ) ; 0 / 149760 ( 0 % )             ;
;                                             ;                    ;                                ;
; Total combinational functions               ; 0                  ; 0                              ;
; Logic element usage by number of LUT inputs ;                    ;                                ;
;     -- 4 input functions                    ; 0                  ; 0                              ;
;     -- 3 input functions                    ; 0                  ; 0                              ;
;     -- <=2 input functions                  ; 0                  ; 0                              ;
;                                             ;                    ;                                ;
; Logic elements by mode                      ;                    ;                                ;
;     -- normal mode                          ; 0                  ; 0                              ;
;     -- arithmetic mode                      ; 0                  ; 0                              ;
;                                             ;                    ;                                ;
; Total registers                             ; 0                  ; 0                              ;
;     -- Dedicated logic registers            ; 0 / 149760 ( 0 % ) ; 0 / 149760 ( 0 % )             ;
;                                             ;                    ;                                ;
; Virtual pins                                ; 0                  ; 0                              ;
; I/O pins                                    ; 31                 ; 0                              ;
; Embedded Multiplier 9-bit elements          ; 0 / 720 ( 0 % )    ; 0 / 720 ( 0 % )                ;
; Total memory bits                           ; 0                  ; 0                              ;
; Total RAM block bits                        ; 0                  ; 0                              ;
;                                             ;                    ;                                ;
; Connections                                 ;                    ;                                ;
;     -- Input Connections                    ; 0                  ; 0                              ;
;     -- Registered Input Connections         ; 0                  ; 0                              ;
;     -- Output Connections                   ; 0                  ; 0                              ;
;     -- Registered Output Connections        ; 0                  ; 0                              ;
;                                             ;                    ;                                ;
; Internal Connections                        ;                    ;                                ;
;     -- Total Connections                    ; 31                 ; 0                              ;
;     -- Registered Connections               ; 0                  ; 0                              ;
;                                             ;                    ;                                ;
; External Connections                        ;                    ;                                ;
;     -- Top                                  ; 0                  ; 0                              ;
;     -- hard_block:auto_generated_inst       ; 0                  ; 0                              ;
;                                             ;                    ;                                ;
; Partition Interface                         ;                    ;                                ;
;     -- Input Ports                          ; 31                 ; 0                              ;
;     -- Output Ports                         ; 0                  ; 0                              ;
;     -- Bidir Ports                          ; 0                  ; 0                              ;
;                                             ;                    ;                                ;
; Registered Ports                            ;                    ;                                ;
;     -- Registered Input Ports               ; 0                  ; 0                              ;
;     -- Registered Output Ports              ; 0                  ; 0                              ;
;                                             ;                    ;                                ;
; Port Connectivity                           ;                    ;                                ;
;     -- Input Ports driven by GND            ; 0                  ; 0                              ;
;     -- Output Ports driven by GND           ; 0                  ; 0                              ;
;     -- Input Ports driven by VCC            ; 0                  ; 0                              ;
;     -- Output Ports driven by VCC           ; 0                  ; 0                              ;
;     -- Input Ports with no Source           ; 0                  ; 0                              ;
;     -- Output Ports with no Source          ; 0                  ; 0                              ;
;     -- Input Ports with no Fanout           ; 0                  ; 0                              ;
;     -- Output Ports with no Fanout          ; 0                  ; 0                              ;
+---------------------------------------------+--------------------+--------------------------------+
Note: Resource usage numbers presented for Partitions containing post-synthesis logic are estimates.  For Partitions containing post-fit logic, resource usage numbers are accurate based on previous placement information.  Actual Fitter results may vary depending on current Fitter Preservation Level assignments.


+-----------------------------------------------------------------------------------------------------------------------------+
; Partition Merge Partition Pin Processing                                                                                    ;
+-------------------------------+-----------+--------------+--------------------+---------------------------------------------+
; Name                          ; Partition ; Type         ; Location           ; Status                                      ;
+-------------------------------+-----------+--------------+--------------------+---------------------------------------------+
; clock                         ; Top       ; Input Port   ; n/a                ;                                             ;
;     -- clock                  ; Top       ; Input Pad    ; IOPAD_X34_Y0_N7    ; Preserved from Post-Fit or Imported Netlist ;
;     -- clock~input            ; Top       ; Input Buffer ; IOIBUF_X34_Y0_N8   ; Preserved from Post-Fit or Imported Netlist ;
;                               ;           ;              ;                    ;                                             ;
; n_action                      ; Top       ; Input Port   ; n/a                ;                                             ;
;     -- n_action               ; Top       ; Input Pad    ; IOPAD_X117_Y59_N7  ; Preserved from Post-Fit or Imported Netlist ;
;     -- n_action~input         ; Top       ; Input Buffer ; IOIBUF_X117_Y59_N8 ; Preserved from Post-Fit or Imported Netlist ;
;                               ;           ;              ;                    ;                                             ;
; rdwr_address[0]               ; Top       ; Input Port   ; n/a                ;                                             ;
;     -- rdwr_address[0]        ; Top       ; Input Pad    ; IOPAD_X63_Y0_N14   ; Preserved from Post-Fit or Imported Netlist ;
;     -- rdwr_address[0]~input  ; Top       ; Input Buffer ; IOIBUF_X63_Y0_N15  ; Preserved from Post-Fit or Imported Netlist ;
;                               ;           ;              ;                    ;                                             ;
; rdwr_address[10]              ; Top       ; Input Port   ; n/a                ;                                             ;
;     -- rdwr_address[10]       ; Top       ; Input Pad    ; IOPAD_X5_Y91_N7    ; Preserved from Post-Fit or Imported Netlist ;
;     -- rdwr_address[10]~input ; Top       ; Input Buffer ; IOIBUF_X5_Y91_N8   ; Preserved from Post-Fit or Imported Netlist ;
;                               ;           ;              ;                    ;                                             ;
; rdwr_address[11]              ; Top       ; Input Port   ; n/a                ;                                             ;
;     -- rdwr_address[11]       ; Top       ; Input Pad    ; IOPAD_X63_Y0_N0    ; Preserved from Post-Fit or Imported Netlist ;
;     -- rdwr_address[11]~input ; Top       ; Input Buffer ; IOIBUF_X63_Y0_N1   ; Preserved from Post-Fit or Imported Netlist ;
;                               ;           ;              ;                    ;                                             ;
; rdwr_address[12]              ; Top       ; Input Port   ; n/a                ;                                             ;
;     -- rdwr_address[12]       ; Top       ; Input Pad    ; IOPAD_X117_Y15_N0  ; Preserved from Post-Fit or Imported Netlist ;
;     -- rdwr_address[12]~input ; Top       ; Input Buffer ; IOIBUF_X117_Y15_N1 ; Preserved from Post-Fit or Imported Netlist ;
;                               ;           ;              ;                    ;                                             ;
; rdwr_address[13]              ; Top       ; Input Port   ; n/a                ;                                             ;
;     -- rdwr_address[13]       ; Top       ; Input Pad    ; IOPAD_X117_Y49_N7  ; Preserved from Post-Fit or Imported Netlist ;
;     -- rdwr_address[13]~input ; Top       ; Input Buffer ; IOIBUF_X117_Y49_N8 ; Preserved from Post-Fit or Imported Netlist ;
;                               ;           ;              ;                    ;                                             ;
; rdwr_address[14]              ; Top       ; Input Port   ; n/a                ;                                             ;
;     -- rdwr_address[14]       ; Top       ; Input Pad    ; IOPAD_X117_Y17_N0  ; Preserved from Post-Fit or Imported Netlist ;
;     -- rdwr_address[14]~input ; Top       ; Input Buffer ; IOIBUF_X117_Y17_N1 ; Preserved from Post-Fit or Imported Netlist ;
;                               ;           ;              ;                    ;                                             ;
; rdwr_address[15]              ; Top       ; Input Port   ; n/a                ;                                             ;
;     -- rdwr_address[15]       ; Top       ; Input Pad    ; IOPAD_X95_Y0_N0    ; Preserved from Post-Fit or Imported Netlist ;
;     -- rdwr_address[15]~input ; Top       ; Input Buffer ; IOIBUF_X95_Y0_N1   ; Preserved from Post-Fit or Imported Netlist ;
;                               ;           ;              ;                    ;                                             ;
; rdwr_address[16]              ; Top       ; Input Port   ; n/a                ;                                             ;
;     -- rdwr_address[16]       ; Top       ; Input Pad    ; IOPAD_X117_Y58_N0  ; Preserved from Post-Fit or Imported Netlist ;
;     -- rdwr_address[16]~input ; Top       ; Input Buffer ; IOIBUF_X117_Y58_N1 ; Preserved from Post-Fit or Imported Netlist ;
;                               ;           ;              ;                    ;                                             ;
; rdwr_address[17]              ; Top       ; Input Port   ; n/a                ;                                             ;
;     -- rdwr_address[17]       ; Top       ; Input Pad    ; IOPAD_X117_Y19_N7  ; Preserved from Post-Fit or Imported Netlist ;
;     -- rdwr_address[17]~input ; Top       ; Input Buffer ; IOIBUF_X117_Y19_N8 ; Preserved from Post-Fit or Imported Netlist ;
;                               ;           ;              ;                    ;                                             ;
; rdwr_address[18]              ; Top       ; Input Port   ; n/a                ;                                             ;
;     -- rdwr_address[18]       ; Top       ; Input Pad    ; IOPAD_X117_Y19_N0  ; Preserved from Post-Fit or Imported Netlist ;
;     -- rdwr_address[18]~input ; Top       ; Input Buffer ; IOIBUF_X117_Y19_N1 ; Preserved from Post-Fit or Imported Netlist ;
;                               ;           ;              ;                    ;                                             ;
; rdwr_address[19]              ; Top       ; Input Port   ; n/a                ;                                             ;
;     -- rdwr_address[19]       ; Top       ; Input Pad    ; IOPAD_X90_Y91_N21  ; Preserved from Post-Fit or Imported Netlist ;
;     -- rdwr_address[19]~input ; Top       ; Input Buffer ; IOIBUF_X90_Y91_N22 ; Preserved from Post-Fit or Imported Netlist ;
;                               ;           ;              ;                    ;                                             ;
; rdwr_address[1]               ; Top       ; Input Port   ; n/a                ;                                             ;
;     -- rdwr_address[1]        ; Top       ; Input Pad    ; IOPAD_X117_Y28_N7  ; Preserved from Post-Fit or Imported Netlist ;
;     -- rdwr_address[1]~input  ; Top       ; Input Buffer ; IOIBUF_X117_Y28_N8 ; Preserved from Post-Fit or Imported Netlist ;
;                               ;           ;              ;                    ;                                             ;
; rdwr_address[20]              ; Top       ; Input Port   ; n/a                ;                                             ;
;     -- rdwr_address[20]       ; Top       ; Input Pad    ; IOPAD_X88_Y0_N7    ; Preserved from Post-Fit or Imported Netlist ;
;     -- rdwr_address[20]~input ; Top       ; Input Buffer ; IOIBUF_X88_Y0_N8   ; Preserved from Post-Fit or Imported Netlist ;
;                               ;           ;              ;                    ;                                             ;
; rdwr_address[21]              ; Top       ; Input Port   ; n/a                ;                                             ;
;     -- rdwr_address[21]       ; Top       ; Input Pad    ; IOPAD_X117_Y22_N7  ; Preserved from Post-Fit or Imported Netlist ;
;     -- rdwr_address[21]~input ; Top       ; Input Buffer ; IOIBUF_X117_Y22_N8 ; Preserved from Post-Fit or Imported Netlist ;
;                               ;           ;              ;                    ;                                             ;
; rdwr_address[22]              ; Top       ; Input Port   ; n/a                ;                                             ;
;     -- rdwr_address[22]       ; Top       ; Input Pad    ; IOPAD_X117_Y22_N0  ; Preserved from Post-Fit or Imported Netlist ;
;     -- rdwr_address[22]~input ; Top       ; Input Buffer ; IOIBUF_X117_Y22_N1 ; Preserved from Post-Fit or Imported Netlist ;
;                               ;           ;              ;                    ;                                             ;
; rdwr_address[23]              ; Top       ; Input Port   ; n/a                ;                                             ;
;     -- rdwr_address[23]       ; Top       ; Input Pad    ; IOPAD_X95_Y0_N7    ; Preserved from Post-Fit or Imported Netlist ;
;     -- rdwr_address[23]~input ; Top       ; Input Buffer ; IOIBUF_X95_Y0_N8   ; Preserved from Post-Fit or Imported Netlist ;
;                               ;           ;              ;                    ;                                             ;
; rdwr_address[24]              ; Top       ; Input Port   ; n/a                ;                                             ;
;     -- rdwr_address[24]       ; Top       ; Input Pad    ; IOPAD_X117_Y23_N0  ; Preserved from Post-Fit or Imported Netlist ;
;     -- rdwr_address[24]~input ; Top       ; Input Buffer ; IOIBUF_X117_Y23_N1 ; Preserved from Post-Fit or Imported Netlist ;
;                               ;           ;              ;                    ;                                             ;
; rdwr_address[25]              ; Top       ; Input Port   ; n/a                ;                                             ;
;     -- rdwr_address[25]       ; Top       ; Input Pad    ; IOPAD_X117_Y24_N7  ; Preserved from Post-Fit or Imported Netlist ;
;     -- rdwr_address[25]~input ; Top       ; Input Buffer ; IOIBUF_X117_Y24_N8 ; Preserved from Post-Fit or Imported Netlist ;
;                               ;           ;              ;                    ;                                             ;
; rdwr_address[26]              ; Top       ; Input Port   ; n/a                ;                                             ;
;     -- rdwr_address[26]       ; Top       ; Input Pad    ; IOPAD_X99_Y0_N14   ; Preserved from Post-Fit or Imported Netlist ;
;     -- rdwr_address[26]~input ; Top       ; Input Buffer ; IOIBUF_X99_Y0_N15  ; Preserved from Post-Fit or Imported Netlist ;
;                               ;           ;              ;                    ;                                             ;
; rdwr_address[2]               ; Top       ; Input Port   ; n/a                ;                                             ;
;     -- rdwr_address[2]        ; Top       ; Input Pad    ; IOPAD_X117_Y8_N7   ; Preserved from Post-Fit or Imported Netlist ;
;     -- rdwr_address[2]~input  ; Top       ; Input Buffer ; IOIBUF_X117_Y8_N8  ; Preserved from Post-Fit or Imported Netlist ;
;                               ;           ;              ;                    ;                                             ;
; rdwr_address[3]               ; Top       ; Input Port   ; n/a                ;                                             ;
;     -- rdwr_address[3]        ; Top       ; Input Pad    ; IOPAD_X37_Y91_N14  ; Preserved from Post-Fit or Imported Netlist ;
;     -- rdwr_address[3]~input  ; Top       ; Input Buffer ; IOIBUF_X37_Y91_N15 ; Preserved from Post-Fit or Imported Netlist ;
;                               ;           ;              ;                    ;                                             ;
; rdwr_address[4]               ; Top       ; Input Port   ; n/a                ;                                             ;
;     -- rdwr_address[4]        ; Top       ; Input Pad    ; IOPAD_X111_Y0_N14  ; Preserved from Post-Fit or Imported Netlist ;
;     -- rdwr_address[4]~input  ; Top       ; Input Buffer ; IOIBUF_X111_Y0_N15 ; Preserved from Post-Fit or Imported Netlist ;
;                               ;           ;              ;                    ;                                             ;
; rdwr_address[5]               ; Top       ; Input Port   ; n/a                ;                                             ;
;     -- rdwr_address[5]        ; Top       ; Input Pad    ; IOPAD_X30_Y0_N7    ; Preserved from Post-Fit or Imported Netlist ;
;     -- rdwr_address[5]~input  ; Top       ; Input Buffer ; IOIBUF_X30_Y0_N8   ; Preserved from Post-Fit or Imported Netlist ;
;                               ;           ;              ;                    ;                                             ;
; rdwr_address[6]               ; Top       ; Input Port   ; n/a                ;                                             ;
;     -- rdwr_address[6]        ; Top       ; Input Pad    ; IOPAD_X8_Y0_N14    ; Preserved from Post-Fit or Imported Netlist ;
;     -- rdwr_address[6]~input  ; Top       ; Input Buffer ; IOIBUF_X8_Y0_N15   ; Preserved from Post-Fit or Imported Netlist ;
;                               ;           ;              ;                    ;                                             ;
; rdwr_address[7]               ; Top       ; Input Port   ; n/a                ;                                             ;
;     -- rdwr_address[7]        ; Top       ; Input Pad    ; IOPAD_X39_Y91_N0   ; Preserved from Post-Fit or Imported Netlist ;
;     -- rdwr_address[7]~input  ; Top       ; Input Buffer ; IOIBUF_X39_Y91_N1  ; Preserved from Post-Fit or Imported Netlist ;
;                               ;           ;              ;                    ;                                             ;
; rdwr_address[8]               ; Top       ; Input Port   ; n/a                ;                                             ;
;     -- rdwr_address[8]        ; Top       ; Input Pad    ; IOPAD_X53_Y0_N14   ; Preserved from Post-Fit or Imported Netlist ;
;     -- rdwr_address[8]~input  ; Top       ; Input Buffer ; IOIBUF_X53_Y0_N15  ; Preserved from Post-Fit or Imported Netlist ;
;                               ;           ;              ;                    ;                                             ;
; rdwr_address[9]               ; Top       ; Input Port   ; n/a                ;                                             ;
;     -- rdwr_address[9]        ; Top       ; Input Pad    ; IOPAD_X37_Y91_N0   ; Preserved from Post-Fit or Imported Netlist ;
;     -- rdwr_address[9]~input  ; Top       ; Input Buffer ; IOIBUF_X37_Y91_N1  ; Preserved from Post-Fit or Imported Netlist ;
;                               ;           ;              ;                    ;                                             ;
; rdwr_cntl                     ; Top       ; Input Port   ; n/a                ;                                             ;
;     -- rdwr_cntl              ; Top       ; Input Pad    ; IOPAD_X117_Y6_N7   ; Preserved from Post-Fit or Imported Netlist ;
;     -- rdwr_cntl~input        ; Top       ; Input Buffer ; IOIBUF_X117_Y6_N8  ; Preserved from Post-Fit or Imported Netlist ;
;                               ;           ;              ;                    ;                                             ;
; reset_n                       ; Top       ; Input Port   ; n/a                ;                                             ;
;     -- reset_n                ; Top       ; Input Pad    ; IOPAD_X117_Y5_N0   ; Preserved from Post-Fit or Imported Netlist ;
;     -- reset_n~input          ; Top       ; Input Buffer ; IOIBUF_X117_Y5_N1  ; Preserved from Post-Fit or Imported Netlist ;
;                               ;           ;              ;                    ;                                             ;
+-------------------------------+-----------+--------------+--------------------+---------------------------------------------+


+----------------------------------------+
; Partition Merge Resource Usage Summary ;
+--------------------------+-------------+
; Resource                 ; Usage       ;
+--------------------------+-------------+
; I/O pins                 ; 31          ;
; DSP block 9-bit elements ; 0           ;
; Maximum fan-out node     ; clock       ;
; Maximum fan-out          ; 1           ;
; Total fan-out            ; 31          ;
; Average fan-out          ; 0.50        ;
+--------------------------+-------------+


+--------------------------+
; Partition Merge Messages ;
+--------------------------+
Info: *******************************************************************
Info: Running Quartus II 32-bit Partition Merge
    Info: Version 13.0.1 Build 232 06/12/2013 Service Pack 1 SJ Full Version
    Info: Processing started: Tue Apr 21 13:39:12 2015
Info: Command: quartus_cdb --read_settings_files=off --write_settings_files=off master_example -c master_example --merge=on
Info (35006): Using previously generated Fitter netlist for partition "Top"
Info (35002): Resolved and merged 1 partition(s)
Info (16010): Generating hard_block partition "hard_block:auto_generated_inst"
    Info (16011): Adding 0 node(s), including 0 DDIO, 0 PLL, 0 transceiver and 0 LCELL
Warning (21074): Design contains 31 input pin(s) that do not drive logic
    Warning (15610): No output dependent on input pin "clock"
    Warning (15610): No output dependent on input pin "reset_n"
    Warning (15610): No output dependent on input pin "rdwr_cntl"
    Warning (15610): No output dependent on input pin "n_action"
    Warning (15610): No output dependent on input pin "rdwr_address[0]"
    Warning (15610): No output dependent on input pin "rdwr_address[1]"
    Warning (15610): No output dependent on input pin "rdwr_address[2]"
    Warning (15610): No output dependent on input pin "rdwr_address[3]"
    Warning (15610): No output dependent on input pin "rdwr_address[4]"
    Warning (15610): No output dependent on input pin "rdwr_address[5]"
    Warning (15610): No output dependent on input pin "rdwr_address[6]"
    Warning (15610): No output dependent on input pin "rdwr_address[7]"
    Warning (15610): No output dependent on input pin "rdwr_address[8]"
    Warning (15610): No output dependent on input pin "rdwr_address[9]"
    Warning (15610): No output dependent on input pin "rdwr_address[10]"
    Warning (15610): No output dependent on input pin "rdwr_address[11]"
    Warning (15610): No output dependent on input pin "rdwr_address[12]"
    Warning (15610): No output dependent on input pin "rdwr_address[13]"
    Warning (15610): No output dependent on input pin "rdwr_address[14]"
    Warning (15610): No output dependent on input pin "rdwr_address[15]"
    Warning (15610): No output dependent on input pin "rdwr_address[16]"
    Warning (15610): No output dependent on input pin "rdwr_address[17]"
    Warning (15610): No output dependent on input pin "rdwr_address[18]"
    Warning (15610): No output dependent on input pin "rdwr_address[19]"
    Warning (15610): No output dependent on input pin "rdwr_address[20]"
    Warning (15610): No output dependent on input pin "rdwr_address[21]"
    Warning (15610): No output dependent on input pin "rdwr_address[22]"
    Warning (15610): No output dependent on input pin "rdwr_address[23]"
    Warning (15610): No output dependent on input pin "rdwr_address[24]"
    Warning (15610): No output dependent on input pin "rdwr_address[25]"
    Warning (15610): No output dependent on input pin "rdwr_address[26]"
Info (21057): Implemented 31 device resources after synthesis - the final resource count might be different
    Info (21058): Implemented 31 input pins
    Info (21059): Implemented 0 output pins
Info: Quartus II 32-bit Partition Merge was successful. 0 errors, 32 warnings
    Info: Peak virtual memory: 373 megabytes
    Info: Processing ended: Tue Apr 21 13:39:14 2015
    Info: Elapsed time: 00:00:02
    Info: Total CPU time (on all processors): 00:00:01


